Copyright 1986-2022 Xilinx, Inc. All Rights Reserved. Copyright 2022-2024 Advanced Micro Devices, Inc. All Rights Reserved.
--------------------------------------------------------------------------------------------------------------------------------------------------
| Tool Version      : Vivado v.2024.1 (lin64) Build 5076996 Wed May 22 18:36:09 MDT 2024
| Date              : Sat Aug 22 17:59:40 2026
| Host              : ece006.ece.local.cmu.edu running 64-bit Red Hat Enterprise Linux release 8.10 (Ootpa)
| Command           : report_timing -delay_type max -max_paths 10 -nworst 1 -unique_pins -file ./fpga/results/timing_critical.rpt
| Design            : tick2trade_top
| Device            : xczu7ev-ffvc1156
| Speed File        : -2  PRODUCTION 1.30 05-15-2022
| Design State      : Synthesized
| Temperature Grade : E
--------------------------------------------------------------------------------------------------------------------------------------------------

Timing Report

Slack (MET) :             0.877ns  (required time - arrival time)
  Source:                 u_book/rescan_index_reg_rep_rep[1]__0/C
                            (rising edge-triggered cell FDRE clocked by core_clk  {rise@0.000ns fall@1.750ns period=3.500ns})
  Destination:            u_book/rescan_best_price_reg[0]/S
                            (rising edge-triggered cell FDSE clocked by core_clk  {rise@0.000ns fall@1.750ns period=3.500ns})
  Path Group:             core_clk
  Path Type:              Setup (Max at Slow Process Corner)
  Requirement:            3.500ns  (core_clk rise@3.500ns - core_clk rise@0.000ns)
  Data Path Delay:        2.514ns  (logic 0.845ns (33.612%)  route 1.669ns (66.388%))
  Logic Levels:           11  (CARRY8=2 LUT4=2 LUT5=2 LUT6=2 MUXF7=1 MUXF8=1 RAMD64E=1)
  Clock Uncertainty:      0.035ns  ((TSJ^2 + TIJ^2)^1/2 + DJ) / 2 + PE
    Total System Jitter     (TSJ):    0.071ns
    Total Input Jitter      (TIJ):    0.000ns
    Discrete Jitter          (DJ):    0.000ns
    Phase Error              (PE):    0.000ns

    Location             Delay type                Incr(ns)  Path(ns)    Netlist Resource(s)
  -------------------------------------------------------------------    -------------------
                         (clock core_clk rise edge)
                                                      0.000     0.000 r  
                                                      0.000     0.000 r  core_clk (IN)
                         net (fo=19329, unset)        0.000     0.000    u_book/core_clk
                         FDRE                                         r  u_book/rescan_index_reg_rep_rep[1]__0/C
  -------------------------------------------------------------------    -------------------
                         FDRE (Prop_FDRE_C_Q)         0.077     0.077 r  u_book/rescan_index_reg_rep_rep[1]__0/Q
                         net (fo=112, unplaced)       0.237     0.314    u_book/ask_levels_reg_r2_192_255_0_6/ADDRB1
                         RAMD64E (Prop_RAMD64E_RADR1_O)
                                                      0.125     0.439 r  u_book/ask_levels_reg_r2_192_255_0_6/RAMB/O
                         net (fo=1, unplaced)         0.107     0.546    u_book/ask_levels_reg_r2_192_255_0_6_n_1
                         LUT6 (Prop_LUT6_I0_O)        0.145     0.691 r  u_book/rescan_best_price[1]_i_12/O
                         net (fo=1, unplaced)         0.032     0.723    u_book/rescan_best_price[1]_i_12_n_0
                         MUXF7 (Prop_MUXF7_I0_O)      0.069     0.792 r  u_book/rescan_best_price_reg[1]_i_10/O
                         net (fo=1, unplaced)         0.000     0.792    u_book/rescan_best_price_reg[1]_i_10_n_0
                         MUXF8 (Prop_MUXF8_I0_O)      0.030     0.822 r  u_book/rescan_best_price_reg[1]_i_5/O
                         net (fo=1, unplaced)         0.186     1.008    u_book/rescan_best_price_reg[1]_i_5_n_0
                         LUT5 (Prop_LUT5_I4_O)        0.038     1.046 r  u_book/rescan_best_price[1]_i_2/O
                         net (fo=5, unplaced)         0.204     1.250    u_book/rescan_level[price][1]
                         LUT4 (Prop_LUT4_I2_O)        0.070     1.320 r  u_book/rescan_best_price[31]_i_78/O
                         net (fo=1, unplaced)         0.260     1.580    u_book/rescan_best_price[31]_i_78_n_0
                         CARRY8 (Prop_CARRY8_DI[0]_CO[7])
                                                      0.140     1.720 r  u_book/rescan_best_price_reg[31]_i_27/CO[7]
                         net (fo=1, unplaced)         0.005     1.725    u_book/rescan_best_price_reg[31]_i_27_n_0
                         CARRY8 (Prop_CARRY8_CI_CO[7])
                                                      0.022     1.747 r  u_book/rescan_best_price_reg[31]_i_12/CO[7]
                         net (fo=1, unplaced)         0.020     1.767    u_book/rescan_best_shares118_in
                         LUT6 (Prop_LUT6_I0_O)        0.053     1.820 r  u_book/rescan_best_price[31]_i_6/O
                         net (fo=2, unplaced)         0.186     2.006    u_book/rescan_best_price[31]_i_6_n_0
                         LUT4 (Prop_LUT4_I3_O)        0.038     2.044 r  u_book/rescan_best_price[31]_i_5/O
                         net (fo=1, unplaced)         0.186     2.230    u_book/rescan_best_price[31]_i_5_n_0
                         LUT5 (Prop_LUT5_I3_O)        0.038     2.268 r  u_book/rescan_best_price[31]_i_1/O
                         net (fo=32, unplaced)        0.246     2.514    u_book/rescan_best_price[31]_i_1_n_0
                         FDSE                                         r  u_book/rescan_best_price_reg[0]/S
  -------------------------------------------------------------------    -------------------

                         (clock core_clk rise edge)
                                                      3.500     3.500 r  
                                                      0.000     3.500 r  core_clk (IN)
                         net (fo=19329, unset)        0.000     3.500    u_book/core_clk
                         FDSE                                         r  u_book/rescan_best_price_reg[0]/C
                         clock pessimism              0.000     3.500    
                         clock uncertainty           -0.035     3.465    
                         FDSE (Setup_FDSE_C_S)       -0.074     3.391    u_book/rescan_best_price_reg[0]
  -------------------------------------------------------------------
                         required time                          3.391    
                         arrival time                          -2.514    
  -------------------------------------------------------------------
                         slack                                  0.877    

Slack (MET) :             0.877ns  (required time - arrival time)
  Source:                 u_book/rescan_index_reg_rep_rep[1]__0/C
                            (rising edge-triggered cell FDRE clocked by core_clk  {rise@0.000ns fall@1.750ns period=3.500ns})
  Destination:            u_book/rescan_best_price_reg[10]/S
                            (rising edge-triggered cell FDSE clocked by core_clk  {rise@0.000ns fall@1.750ns period=3.500ns})
  Path Group:             core_clk
  Path Type:              Setup (Max at Slow Process Corner)
  Requirement:            3.500ns  (core_clk rise@3.500ns - core_clk rise@0.000ns)
  Data Path Delay:        2.514ns  (logic 0.845ns (33.612%)  route 1.669ns (66.388%))
  Logic Levels:           11  (CARRY8=2 LUT4=2 LUT5=2 LUT6=2 MUXF7=1 MUXF8=1 RAMD64E=1)
  Clock Uncertainty:      0.035ns  ((TSJ^2 + TIJ^2)^1/2 + DJ) / 2 + PE
    Total System Jitter     (TSJ):    0.071ns
    Total Input Jitter      (TIJ):    0.000ns
    Discrete Jitter          (DJ):    0.000ns
    Phase Error              (PE):    0.000ns

    Location             Delay type                Incr(ns)  Path(ns)    Netlist Resource(s)
  -------------------------------------------------------------------    -------------------
                         (clock core_clk rise edge)
                                                      0.000     0.000 r  
                                                      0.000     0.000 r  core_clk (IN)
                         net (fo=19329, unset)        0.000     0.000    u_book/core_clk
                         FDRE                                         r  u_book/rescan_index_reg_rep_rep[1]__0/C
  -------------------------------------------------------------------    -------------------
                         FDRE (Prop_FDRE_C_Q)         0.077     0.077 r  u_book/rescan_index_reg_rep_rep[1]__0/Q
                         net (fo=112, unplaced)       0.237     0.314    u_book/ask_levels_reg_r2_192_255_0_6/ADDRB1
                         RAMD64E (Prop_RAMD64E_RADR1_O)
                                                      0.125     0.439 r  u_book/ask_levels_reg_r2_192_255_0_6/RAMB/O
                         net (fo=1, unplaced)         0.107     0.546    u_book/ask_levels_reg_r2_192_255_0_6_n_1
                         LUT6 (Prop_LUT6_I0_O)        0.145     0.691 r  u_book/rescan_best_price[1]_i_12/O
                         net (fo=1, unplaced)         0.032     0.723    u_book/rescan_best_price[1]_i_12_n_0
                         MUXF7 (Prop_MUXF7_I0_O)      0.069     0.792 r  u_book/rescan_best_price_reg[1]_i_10/O
                         net (fo=1, unplaced)         0.000     0.792    u_book/rescan_best_price_reg[1]_i_10_n_0
                         MUXF8 (Prop_MUXF8_I0_O)      0.030     0.822 r  u_book/rescan_best_price_reg[1]_i_5/O
                         net (fo=1, unplaced)         0.186     1.008    u_book/rescan_best_price_reg[1]_i_5_n_0
                         LUT5 (Prop_LUT5_I4_O)        0.038     1.046 r  u_book/rescan_best_price[1]_i_2/O
                         net (fo=5, unplaced)         0.204     1.250    u_book/rescan_level[price][1]
                         LUT4 (Prop_LUT4_I2_O)        0.070     1.320 r  u_book/rescan_best_price[31]_i_78/O
                         net (fo=1, unplaced)         0.260     1.580    u_book/rescan_best_price[31]_i_78_n_0
                         CARRY8 (Prop_CARRY8_DI[0]_CO[7])
                                                      0.140     1.720 r  u_book/rescan_best_price_reg[31]_i_27/CO[7]
                         net (fo=1, unplaced)         0.005     1.725    u_book/rescan_best_price_reg[31]_i_27_n_0
                         CARRY8 (Prop_CARRY8_CI_CO[7])
                                                      0.022     1.747 r  u_book/rescan_best_price_reg[31]_i_12/CO[7]
                         net (fo=1, unplaced)         0.020     1.767    u_book/rescan_best_shares118_in
                         LUT6 (Prop_LUT6_I0_O)        0.053     1.820 r  u_book/rescan_best_price[31]_i_6/O
                         net (fo=2, unplaced)         0.186     2.006    u_book/rescan_best_price[31]_i_6_n_0
                         LUT4 (Prop_LUT4_I3_O)        0.038     2.044 r  u_book/rescan_best_price[31]_i_5/O
                         net (fo=1, unplaced)         0.186     2.230    u_book/rescan_best_price[31]_i_5_n_0
                         LUT5 (Prop_LUT5_I3_O)        0.038     2.268 r  u_book/rescan_best_price[31]_i_1/O
                         net (fo=32, unplaced)        0.246     2.514    u_book/rescan_best_price[31]_i_1_n_0
                         FDSE                                         r  u_book/rescan_best_price_reg[10]/S
  -------------------------------------------------------------------    -------------------

                         (clock core_clk rise edge)
                                                      3.500     3.500 r  
                                                      0.000     3.500 r  core_clk (IN)
                         net (fo=19329, unset)        0.000     3.500    u_book/core_clk
                         FDSE                                         r  u_book/rescan_best_price_reg[10]/C
                         clock pessimism              0.000     3.500    
                         clock uncertainty           -0.035     3.465    
                         FDSE (Setup_FDSE_C_S)       -0.074     3.391    u_book/rescan_best_price_reg[10]
  -------------------------------------------------------------------
                         required time                          3.391    
                         arrival time                          -2.514    
  -------------------------------------------------------------------
                         slack                                  0.877    

Slack (MET) :             0.877ns  (required time - arrival time)
  Source:                 u_book/rescan_index_reg_rep_rep[1]__0/C
                            (rising edge-triggered cell FDRE clocked by core_clk  {rise@0.000ns fall@1.750ns period=3.500ns})
  Destination:            u_book/rescan_best_price_reg[11]/S
                            (rising edge-triggered cell FDSE clocked by core_clk  {rise@0.000ns fall@1.750ns period=3.500ns})
  Path Group:             core_clk
  Path Type:              Setup (Max at Slow Process Corner)
  Requirement:            3.500ns  (core_clk rise@3.500ns - core_clk rise@0.000ns)
  Data Path Delay:        2.514ns  (logic 0.845ns (33.612%)  route 1.669ns (66.388%))
  Logic Levels:           11  (CARRY8=2 LUT4=2 LUT5=2 LUT6=2 MUXF7=1 MUXF8=1 RAMD64E=1)
  Clock Uncertainty:      0.035ns  ((TSJ^2 + TIJ^2)^1/2 + DJ) / 2 + PE
    Total System Jitter     (TSJ):    0.071ns
    Total Input Jitter      (TIJ):    0.000ns
    Discrete Jitter          (DJ):    0.000ns
    Phase Error              (PE):    0.000ns

    Location             Delay type                Incr(ns)  Path(ns)    Netlist Resource(s)
  -------------------------------------------------------------------    -------------------
                         (clock core_clk rise edge)
                                                      0.000     0.000 r  
                                                      0.000     0.000 r  core_clk (IN)
                         net (fo=19329, unset)        0.000     0.000    u_book/core_clk
                         FDRE                                         r  u_book/rescan_index_reg_rep_rep[1]__0/C
  -------------------------------------------------------------------    -------------------
                         FDRE (Prop_FDRE_C_Q)         0.077     0.077 r  u_book/rescan_index_reg_rep_rep[1]__0/Q
                         net (fo=112, unplaced)       0.237     0.314    u_book/ask_levels_reg_r2_192_255_0_6/ADDRB1
                         RAMD64E (Prop_RAMD64E_RADR1_O)
                                                      0.125     0.439 r  u_book/ask_levels_reg_r2_192_255_0_6/RAMB/O
                         net (fo=1, unplaced)         0.107     0.546    u_book/ask_levels_reg_r2_192_255_0_6_n_1
                         LUT6 (Prop_LUT6_I0_O)        0.145     0.691 r  u_book/rescan_best_price[1]_i_12/O
                         net (fo=1, unplaced)         0.032     0.723    u_book/rescan_best_price[1]_i_12_n_0
                         MUXF7 (Prop_MUXF7_I0_O)      0.069     0.792 r  u_book/rescan_best_price_reg[1]_i_10/O
                         net (fo=1, unplaced)         0.000     0.792    u_book/rescan_best_price_reg[1]_i_10_n_0
                         MUXF8 (Prop_MUXF8_I0_O)      0.030     0.822 r  u_book/rescan_best_price_reg[1]_i_5/O
                         net (fo=1, unplaced)         0.186     1.008    u_book/rescan_best_price_reg[1]_i_5_n_0
                         LUT5 (Prop_LUT5_I4_O)        0.038     1.046 r  u_book/rescan_best_price[1]_i_2/O
                         net (fo=5, unplaced)         0.204     1.250    u_book/rescan_level[price][1]
                         LUT4 (Prop_LUT4_I2_O)        0.070     1.320 r  u_book/rescan_best_price[31]_i_78/O
                         net (fo=1, unplaced)         0.260     1.580    u_book/rescan_best_price[31]_i_78_n_0
                         CARRY8 (Prop_CARRY8_DI[0]_CO[7])
                                                      0.140     1.720 r  u_book/rescan_best_price_reg[31]_i_27/CO[7]
                         net (fo=1, unplaced)         0.005     1.725    u_book/rescan_best_price_reg[31]_i_27_n_0
                         CARRY8 (Prop_CARRY8_CI_CO[7])
                                                      0.022     1.747 r  u_book/rescan_best_price_reg[31]_i_12/CO[7]
                         net (fo=1, unplaced)         0.020     1.767    u_book/rescan_best_shares118_in
                         LUT6 (Prop_LUT6_I0_O)        0.053     1.820 r  u_book/rescan_best_price[31]_i_6/O
                         net (fo=2, unplaced)         0.186     2.006    u_book/rescan_best_price[31]_i_6_n_0
                         LUT4 (Prop_LUT4_I3_O)        0.038     2.044 r  u_book/rescan_best_price[31]_i_5/O
                         net (fo=1, unplaced)         0.186     2.230    u_book/rescan_best_price[31]_i_5_n_0
                         LUT5 (Prop_LUT5_I3_O)        0.038     2.268 r  u_book/rescan_best_price[31]_i_1/O
                         net (fo=32, unplaced)        0.246     2.514    u_book/rescan_best_price[31]_i_1_n_0
                         FDSE                                         r  u_book/rescan_best_price_reg[11]/S
  -------------------------------------------------------------------    -------------------

                         (clock core_clk rise edge)
                                                      3.500     3.500 r  
                                                      0.000     3.500 r  core_clk (IN)
                         net (fo=19329, unset)        0.000     3.500    u_book/core_clk
                         FDSE                                         r  u_book/rescan_best_price_reg[11]/C
                         clock pessimism              0.000     3.500    
                         clock uncertainty           -0.035     3.465    
                         FDSE (Setup_FDSE_C_S)       -0.074     3.391    u_book/rescan_best_price_reg[11]
  -------------------------------------------------------------------
                         required time                          3.391    
                         arrival time                          -2.514    
  -------------------------------------------------------------------
                         slack                                  0.877    

Slack (MET) :             0.877ns  (required time - arrival time)
  Source:                 u_book/rescan_index_reg_rep_rep[1]__0/C
                            (rising edge-triggered cell FDRE clocked by core_clk  {rise@0.000ns fall@1.750ns period=3.500ns})
  Destination:            u_book/rescan_best_price_reg[12]/S
                            (rising edge-triggered cell FDSE clocked by core_clk  {rise@0.000ns fall@1.750ns period=3.500ns})
  Path Group:             core_clk
  Path Type:              Setup (Max at Slow Process Corner)
  Requirement:            3.500ns  (core_clk rise@3.500ns - core_clk rise@0.000ns)
  Data Path Delay:        2.514ns  (logic 0.845ns (33.612%)  route 1.669ns (66.388%))
  Logic Levels:           11  (CARRY8=2 LUT4=2 LUT5=2 LUT6=2 MUXF7=1 MUXF8=1 RAMD64E=1)
  Clock Uncertainty:      0.035ns  ((TSJ^2 + TIJ^2)^1/2 + DJ) / 2 + PE
    Total System Jitter     (TSJ):    0.071ns
    Total Input Jitter      (TIJ):    0.000ns
    Discrete Jitter          (DJ):    0.000ns
    Phase Error              (PE):    0.000ns

    Location             Delay type                Incr(ns)  Path(ns)    Netlist Resource(s)
  -------------------------------------------------------------------    -------------------
                         (clock core_clk rise edge)
                                                      0.000     0.000 r  
                                                      0.000     0.000 r  core_clk (IN)
                         net (fo=19329, unset)        0.000     0.000    u_book/core_clk
                         FDRE                                         r  u_book/rescan_index_reg_rep_rep[1]__0/C
  -------------------------------------------------------------------    -------------------
                         FDRE (Prop_FDRE_C_Q)         0.077     0.077 r  u_book/rescan_index_reg_rep_rep[1]__0/Q
                         net (fo=112, unplaced)       0.237     0.314    u_book/ask_levels_reg_r2_192_255_0_6/ADDRB1
                         RAMD64E (Prop_RAMD64E_RADR1_O)
                                                      0.125     0.439 r  u_book/ask_levels_reg_r2_192_255_0_6/RAMB/O
                         net (fo=1, unplaced)         0.107     0.546    u_book/ask_levels_reg_r2_192_255_0_6_n_1
                         LUT6 (Prop_LUT6_I0_O)        0.145     0.691 r  u_book/rescan_best_price[1]_i_12/O
                         net (fo=1, unplaced)         0.032     0.723    u_book/rescan_best_price[1]_i_12_n_0
                         MUXF7 (Prop_MUXF7_I0_O)      0.069     0.792 r  u_book/rescan_best_price_reg[1]_i_10/O
                         net (fo=1, unplaced)         0.000     0.792    u_book/rescan_best_price_reg[1]_i_10_n_0
                         MUXF8 (Prop_MUXF8_I0_O)      0.030     0.822 r  u_book/rescan_best_price_reg[1]_i_5/O
                         net (fo=1, unplaced)         0.186     1.008    u_book/rescan_best_price_reg[1]_i_5_n_0
                         LUT5 (Prop_LUT5_I4_O)        0.038     1.046 r  u_book/rescan_best_price[1]_i_2/O
                         net (fo=5, unplaced)         0.204     1.250    u_book/rescan_level[price][1]
                         LUT4 (Prop_LUT4_I2_O)        0.070     1.320 r  u_book/rescan_best_price[31]_i_78/O
                         net (fo=1, unplaced)         0.260     1.580    u_book/rescan_best_price[31]_i_78_n_0
                         CARRY8 (Prop_CARRY8_DI[0]_CO[7])
                                                      0.140     1.720 r  u_book/rescan_best_price_reg[31]_i_27/CO[7]
                         net (fo=1, unplaced)         0.005     1.725    u_book/rescan_best_price_reg[31]_i_27_n_0
                         CARRY8 (Prop_CARRY8_CI_CO[7])
                                                      0.022     1.747 r  u_book/rescan_best_price_reg[31]_i_12/CO[7]
                         net (fo=1, unplaced)         0.020     1.767    u_book/rescan_best_shares118_in
                         LUT6 (Prop_LUT6_I0_O)        0.053     1.820 r  u_book/rescan_best_price[31]_i_6/O
                         net (fo=2, unplaced)         0.186     2.006    u_book/rescan_best_price[31]_i_6_n_0
                         LUT4 (Prop_LUT4_I3_O)        0.038     2.044 r  u_book/rescan_best_price[31]_i_5/O
                         net (fo=1, unplaced)         0.186     2.230    u_book/rescan_best_price[31]_i_5_n_0
                         LUT5 (Prop_LUT5_I3_O)        0.038     2.268 r  u_book/rescan_best_price[31]_i_1/O
                         net (fo=32, unplaced)        0.246     2.514    u_book/rescan_best_price[31]_i_1_n_0
                         FDSE                                         r  u_book/rescan_best_price_reg[12]/S
  -------------------------------------------------------------------    -------------------

                         (clock core_clk rise edge)
                                                      3.500     3.500 r  
                                                      0.000     3.500 r  core_clk (IN)
                         net (fo=19329, unset)        0.000     3.500    u_book/core_clk
                         FDSE                                         r  u_book/rescan_best_price_reg[12]/C
                         clock pessimism              0.000     3.500    
                         clock uncertainty           -0.035     3.465    
                         FDSE (Setup_FDSE_C_S)       -0.074     3.391    u_book/rescan_best_price_reg[12]
  -------------------------------------------------------------------
                         required time                          3.391    
                         arrival time                          -2.514    
  -------------------------------------------------------------------
                         slack                                  0.877    

Slack (MET) :             0.877ns  (required time - arrival time)
  Source:                 u_book/rescan_index_reg_rep_rep[1]__0/C
                            (rising edge-triggered cell FDRE clocked by core_clk  {rise@0.000ns fall@1.750ns period=3.500ns})
  Destination:            u_book/rescan_best_price_reg[13]/S
                            (rising edge-triggered cell FDSE clocked by core_clk  {rise@0.000ns fall@1.750ns period=3.500ns})
  Path Group:             core_clk
  Path Type:              Setup (Max at Slow Process Corner)
  Requirement:            3.500ns  (core_clk rise@3.500ns - core_clk rise@0.000ns)
  Data Path Delay:        2.514ns  (logic 0.845ns (33.612%)  route 1.669ns (66.388%))
  Logic Levels:           11  (CARRY8=2 LUT4=2 LUT5=2 LUT6=2 MUXF7=1 MUXF8=1 RAMD64E=1)
  Clock Uncertainty:      0.035ns  ((TSJ^2 + TIJ^2)^1/2 + DJ) / 2 + PE
    Total System Jitter     (TSJ):    0.071ns
    Total Input Jitter      (TIJ):    0.000ns
    Discrete Jitter          (DJ):    0.000ns
    Phase Error              (PE):    0.000ns

    Location             Delay type                Incr(ns)  Path(ns)    Netlist Resource(s)
  -------------------------------------------------------------------    -------------------
                         (clock core_clk rise edge)
                                                      0.000     0.000 r  
                                                      0.000     0.000 r  core_clk (IN)
                         net (fo=19329, unset)        0.000     0.000    u_book/core_clk
                         FDRE                                         r  u_book/rescan_index_reg_rep_rep[1]__0/C
  -------------------------------------------------------------------    -------------------
                         FDRE (Prop_FDRE_C_Q)         0.077     0.077 r  u_book/rescan_index_reg_rep_rep[1]__0/Q
                         net (fo=112, unplaced)       0.237     0.314    u_book/ask_levels_reg_r2_192_255_0_6/ADDRB1
                         RAMD64E (Prop_RAMD64E_RADR1_O)
                                                      0.125     0.439 r  u_book/ask_levels_reg_r2_192_255_0_6/RAMB/O
                         net (fo=1, unplaced)         0.107     0.546    u_book/ask_levels_reg_r2_192_255_0_6_n_1
                         LUT6 (Prop_LUT6_I0_O)        0.145     0.691 r  u_book/rescan_best_price[1]_i_12/O
                         net (fo=1, unplaced)         0.032     0.723    u_book/rescan_best_price[1]_i_12_n_0
                         MUXF7 (Prop_MUXF7_I0_O)      0.069     0.792 r  u_book/rescan_best_price_reg[1]_i_10/O
                         net (fo=1, unplaced)         0.000     0.792    u_book/rescan_best_price_reg[1]_i_10_n_0
                         MUXF8 (Prop_MUXF8_I0_O)      0.030     0.822 r  u_book/rescan_best_price_reg[1]_i_5/O
                         net (fo=1, unplaced)         0.186     1.008    u_book/rescan_best_price_reg[1]_i_5_n_0
                         LUT5 (Prop_LUT5_I4_O)        0.038     1.046 r  u_book/rescan_best_price[1]_i_2/O
                         net (fo=5, unplaced)         0.204     1.250    u_book/rescan_level[price][1]
                         LUT4 (Prop_LUT4_I2_O)        0.070     1.320 r  u_book/rescan_best_price[31]_i_78/O
                         net (fo=1, unplaced)         0.260     1.580    u_book/rescan_best_price[31]_i_78_n_0
                         CARRY8 (Prop_CARRY8_DI[0]_CO[7])
                                                      0.140     1.720 r  u_book/rescan_best_price_reg[31]_i_27/CO[7]
                         net (fo=1, unplaced)         0.005     1.725    u_book/rescan_best_price_reg[31]_i_27_n_0
                         CARRY8 (Prop_CARRY8_CI_CO[7])
                                                      0.022     1.747 r  u_book/rescan_best_price_reg[31]_i_12/CO[7]
                         net (fo=1, unplaced)         0.020     1.767    u_book/rescan_best_shares118_in
                         LUT6 (Prop_LUT6_I0_O)        0.053     1.820 r  u_book/rescan_best_price[31]_i_6/O
                         net (fo=2, unplaced)         0.186     2.006    u_book/rescan_best_price[31]_i_6_n_0
                         LUT4 (Prop_LUT4_I3_O)        0.038     2.044 r  u_book/rescan_best_price[31]_i_5/O
                         net (fo=1, unplaced)         0.186     2.230    u_book/rescan_best_price[31]_i_5_n_0
                         LUT5 (Prop_LUT5_I3_O)        0.038     2.268 r  u_book/rescan_best_price[31]_i_1/O
                         net (fo=32, unplaced)        0.246     2.514    u_book/rescan_best_price[31]_i_1_n_0
                         FDSE                                         r  u_book/rescan_best_price_reg[13]/S
  -------------------------------------------------------------------    -------------------

                         (clock core_clk rise edge)
                                                      3.500     3.500 r  
                                                      0.000     3.500 r  core_clk (IN)
                         net (fo=19329, unset)        0.000     3.500    u_book/core_clk
                         FDSE                                         r  u_book/rescan_best_price_reg[13]/C
                         clock pessimism              0.000     3.500    
                         clock uncertainty           -0.035     3.465    
                         FDSE (Setup_FDSE_C_S)       -0.074     3.391    u_book/rescan_best_price_reg[13]
  -------------------------------------------------------------------
                         required time                          3.391    
                         arrival time                          -2.514    
  -------------------------------------------------------------------
                         slack                                  0.877    

Slack (MET) :             0.877ns  (required time - arrival time)
  Source:                 u_book/rescan_index_reg_rep_rep[1]__0/C
                            (rising edge-triggered cell FDRE clocked by core_clk  {rise@0.000ns fall@1.750ns period=3.500ns})
  Destination:            u_book/rescan_best_price_reg[14]/S
                            (rising edge-triggered cell FDSE clocked by core_clk  {rise@0.000ns fall@1.750ns period=3.500ns})
  Path Group:             core_clk
  Path Type:              Setup (Max at Slow Process Corner)
  Requirement:            3.500ns  (core_clk rise@3.500ns - core_clk rise@0.000ns)
  Data Path Delay:        2.514ns  (logic 0.845ns (33.612%)  route 1.669ns (66.388%))
  Logic Levels:           11  (CARRY8=2 LUT4=2 LUT5=2 LUT6=2 MUXF7=1 MUXF8=1 RAMD64E=1)
  Clock Uncertainty:      0.035ns  ((TSJ^2 + TIJ^2)^1/2 + DJ) / 2 + PE
    Total System Jitter     (TSJ):    0.071ns
    Total Input Jitter      (TIJ):    0.000ns
    Discrete Jitter          (DJ):    0.000ns
    Phase Error              (PE):    0.000ns

    Location             Delay type                Incr(ns)  Path(ns)    Netlist Resource(s)
  -------------------------------------------------------------------    -------------------
                         (clock core_clk rise edge)
                                                      0.000     0.000 r  
                                                      0.000     0.000 r  core_clk (IN)
                         net (fo=19329, unset)        0.000     0.000    u_book/core_clk
                         FDRE                                         r  u_book/rescan_index_reg_rep_rep[1]__0/C
  -------------------------------------------------------------------    -------------------
                         FDRE (Prop_FDRE_C_Q)         0.077     0.077 r  u_book/rescan_index_reg_rep_rep[1]__0/Q
                         net (fo=112, unplaced)       0.237     0.314    u_book/ask_levels_reg_r2_192_255_0_6/ADDRB1
                         RAMD64E (Prop_RAMD64E_RADR1_O)
                                                      0.125     0.439 r  u_book/ask_levels_reg_r2_192_255_0_6/RAMB/O
                         net (fo=1, unplaced)         0.107     0.546    u_book/ask_levels_reg_r2_192_255_0_6_n_1
                         LUT6 (Prop_LUT6_I0_O)        0.145     0.691 r  u_book/rescan_best_price[1]_i_12/O
                         net (fo=1, unplaced)         0.032     0.723    u_book/rescan_best_price[1]_i_12_n_0
                         MUXF7 (Prop_MUXF7_I0_O)      0.069     0.792 r  u_book/rescan_best_price_reg[1]_i_10/O
                         net (fo=1, unplaced)         0.000     0.792    u_book/rescan_best_price_reg[1]_i_10_n_0
                         MUXF8 (Prop_MUXF8_I0_O)      0.030     0.822 r  u_book/rescan_best_price_reg[1]_i_5/O
                         net (fo=1, unplaced)         0.186     1.008    u_book/rescan_best_price_reg[1]_i_5_n_0
                         LUT5 (Prop_LUT5_I4_O)        0.038     1.046 r  u_book/rescan_best_price[1]_i_2/O
                         net (fo=5, unplaced)         0.204     1.250    u_book/rescan_level[price][1]
                         LUT4 (Prop_LUT4_I2_O)        0.070     1.320 r  u_book/rescan_best_price[31]_i_78/O
                         net (fo=1, unplaced)         0.260     1.580    u_book/rescan_best_price[31]_i_78_n_0
                         CARRY8 (Prop_CARRY8_DI[0]_CO[7])
                                                      0.140     1.720 r  u_book/rescan_best_price_reg[31]_i_27/CO[7]
                         net (fo=1, unplaced)         0.005     1.725    u_book/rescan_best_price_reg[31]_i_27_n_0
                         CARRY8 (Prop_CARRY8_CI_CO[7])
                                                      0.022     1.747 r  u_book/rescan_best_price_reg[31]_i_12/CO[7]
                         net (fo=1, unplaced)         0.020     1.767    u_book/rescan_best_shares118_in
                         LUT6 (Prop_LUT6_I0_O)        0.053     1.820 r  u_book/rescan_best_price[31]_i_6/O
                         net (fo=2, unplaced)         0.186     2.006    u_book/rescan_best_price[31]_i_6_n_0
                         LUT4 (Prop_LUT4_I3_O)        0.038     2.044 r  u_book/rescan_best_price[31]_i_5/O
                         net (fo=1, unplaced)         0.186     2.230    u_book/rescan_best_price[31]_i_5_n_0
                         LUT5 (Prop_LUT5_I3_O)        0.038     2.268 r  u_book/rescan_best_price[31]_i_1/O
                         net (fo=32, unplaced)        0.246     2.514    u_book/rescan_best_price[31]_i_1_n_0
                         FDSE                                         r  u_book/rescan_best_price_reg[14]/S
  -------------------------------------------------------------------    -------------------

                         (clock core_clk rise edge)
                                                      3.500     3.500 r  
                                                      0.000     3.500 r  core_clk (IN)
                         net (fo=19329, unset)        0.000     3.500    u_book/core_clk
                         FDSE                                         r  u_book/rescan_best_price_reg[14]/C
                         clock pessimism              0.000     3.500    
                         clock uncertainty           -0.035     3.465    
                         FDSE (Setup_FDSE_C_S)       -0.074     3.391    u_book/rescan_best_price_reg[14]
  -------------------------------------------------------------------
                         required time                          3.391    
                         arrival time                          -2.514    
  -------------------------------------------------------------------
                         slack                                  0.877    

Slack (MET) :             0.877ns  (required time - arrival time)
  Source:                 u_book/rescan_index_reg_rep_rep[1]__0/C
                            (rising edge-triggered cell FDRE clocked by core_clk  {rise@0.000ns fall@1.750ns period=3.500ns})
  Destination:            u_book/rescan_best_price_reg[15]/S
                            (rising edge-triggered cell FDSE clocked by core_clk  {rise@0.000ns fall@1.750ns period=3.500ns})
  Path Group:             core_clk
  Path Type:              Setup (Max at Slow Process Corner)
  Requirement:            3.500ns  (core_clk rise@3.500ns - core_clk rise@0.000ns)
  Data Path Delay:        2.514ns  (logic 0.845ns (33.612%)  route 1.669ns (66.388%))
  Logic Levels:           11  (CARRY8=2 LUT4=2 LUT5=2 LUT6=2 MUXF7=1 MUXF8=1 RAMD64E=1)
  Clock Uncertainty:      0.035ns  ((TSJ^2 + TIJ^2)^1/2 + DJ) / 2 + PE
    Total System Jitter     (TSJ):    0.071ns
    Total Input Jitter      (TIJ):    0.000ns
    Discrete Jitter          (DJ):    0.000ns
    Phase Error              (PE):    0.000ns

    Location             Delay type                Incr(ns)  Path(ns)    Netlist Resource(s)
  -------------------------------------------------------------------    -------------------
                         (clock core_clk rise edge)
                                                      0.000     0.000 r  
                                                      0.000     0.000 r  core_clk (IN)
                         net (fo=19329, unset)        0.000     0.000    u_book/core_clk
                         FDRE                                         r  u_book/rescan_index_reg_rep_rep[1]__0/C
  -------------------------------------------------------------------    -------------------
                         FDRE (Prop_FDRE_C_Q)         0.077     0.077 r  u_book/rescan_index_reg_rep_rep[1]__0/Q
                         net (fo=112, unplaced)       0.237     0.314    u_book/ask_levels_reg_r2_192_255_0_6/ADDRB1
                         RAMD64E (Prop_RAMD64E_RADR1_O)
                                                      0.125     0.439 r  u_book/ask_levels_reg_r2_192_255_0_6/RAMB/O
                         net (fo=1, unplaced)         0.107     0.546    u_book/ask_levels_reg_r2_192_255_0_6_n_1
                         LUT6 (Prop_LUT6_I0_O)        0.145     0.691 r  u_book/rescan_best_price[1]_i_12/O
                         net (fo=1, unplaced)         0.032     0.723    u_book/rescan_best_price[1]_i_12_n_0
                         MUXF7 (Prop_MUXF7_I0_O)      0.069     0.792 r  u_book/rescan_best_price_reg[1]_i_10/O
                         net (fo=1, unplaced)         0.000     0.792    u_book/rescan_best_price_reg[1]_i_10_n_0
                         MUXF8 (Prop_MUXF8_I0_O)      0.030     0.822 r  u_book/rescan_best_price_reg[1]_i_5/O
                         net (fo=1, unplaced)         0.186     1.008    u_book/rescan_best_price_reg[1]_i_5_n_0
                         LUT5 (Prop_LUT5_I4_O)        0.038     1.046 r  u_book/rescan_best_price[1]_i_2/O
                         net (fo=5, unplaced)         0.204     1.250    u_book/rescan_level[price][1]
                         LUT4 (Prop_LUT4_I2_O)        0.070     1.320 r  u_book/rescan_best_price[31]_i_78/O
                         net (fo=1, unplaced)         0.260     1.580    u_book/rescan_best_price[31]_i_78_n_0
                         CARRY8 (Prop_CARRY8_DI[0]_CO[7])
                                                      0.140     1.720 r  u_book/rescan_best_price_reg[31]_i_27/CO[7]
                         net (fo=1, unplaced)         0.005     1.725    u_book/rescan_best_price_reg[31]_i_27_n_0
                         CARRY8 (Prop_CARRY8_CI_CO[7])
                                                      0.022     1.747 r  u_book/rescan_best_price_reg[31]_i_12/CO[7]
                         net (fo=1, unplaced)         0.020     1.767    u_book/rescan_best_shares118_in
                         LUT6 (Prop_LUT6_I0_O)        0.053     1.820 r  u_book/rescan_best_price[31]_i_6/O
                         net (fo=2, unplaced)         0.186     2.006    u_book/rescan_best_price[31]_i_6_n_0
                         LUT4 (Prop_LUT4_I3_O)        0.038     2.044 r  u_book/rescan_best_price[31]_i_5/O
                         net (fo=1, unplaced)         0.186     2.230    u_book/rescan_best_price[31]_i_5_n_0
                         LUT5 (Prop_LUT5_I3_O)        0.038     2.268 r  u_book/rescan_best_price[31]_i_1/O
                         net (fo=32, unplaced)        0.246     2.514    u_book/rescan_best_price[31]_i_1_n_0
                         FDSE                                         r  u_book/rescan_best_price_reg[15]/S
  -------------------------------------------------------------------    -------------------

                         (clock core_clk rise edge)
                                                      3.500     3.500 r  
                                                      0.000     3.500 r  core_clk (IN)
                         net (fo=19329, unset)        0.000     3.500    u_book/core_clk
                         FDSE                                         r  u_book/rescan_best_price_reg[15]/C
                         clock pessimism              0.000     3.500    
                         clock uncertainty           -0.035     3.465    
                         FDSE (Setup_FDSE_C_S)       -0.074     3.391    u_book/rescan_best_price_reg[15]
  -------------------------------------------------------------------
                         required time                          3.391    
                         arrival time                          -2.514    
  -------------------------------------------------------------------
                         slack                                  0.877    

Slack (MET) :             0.877ns  (required time - arrival time)
  Source:                 u_book/rescan_index_reg_rep_rep[1]__0/C
                            (rising edge-triggered cell FDRE clocked by core_clk  {rise@0.000ns fall@1.750ns period=3.500ns})
  Destination:            u_book/rescan_best_price_reg[16]/S
                            (rising edge-triggered cell FDSE clocked by core_clk  {rise@0.000ns fall@1.750ns period=3.500ns})
  Path Group:             core_clk
  Path Type:              Setup (Max at Slow Process Corner)
  Requirement:            3.500ns  (core_clk rise@3.500ns - core_clk rise@0.000ns)
  Data Path Delay:        2.514ns  (logic 0.845ns (33.612%)  route 1.669ns (66.388%))
  Logic Levels:           11  (CARRY8=2 LUT4=2 LUT5=2 LUT6=2 MUXF7=1 MUXF8=1 RAMD64E=1)
  Clock Uncertainty:      0.035ns  ((TSJ^2 + TIJ^2)^1/2 + DJ) / 2 + PE
    Total System Jitter     (TSJ):    0.071ns
    Total Input Jitter      (TIJ):    0.000ns
    Discrete Jitter          (DJ):    0.000ns
    Phase Error              (PE):    0.000ns

    Location             Delay type                Incr(ns)  Path(ns)    Netlist Resource(s)
  -------------------------------------------------------------------    -------------------
                         (clock core_clk rise edge)
                                                      0.000     0.000 r  
                                                      0.000     0.000 r  core_clk (IN)
                         net (fo=19329, unset)        0.000     0.000    u_book/core_clk
                         FDRE                                         r  u_book/rescan_index_reg_rep_rep[1]__0/C
  -------------------------------------------------------------------    -------------------
                         FDRE (Prop_FDRE_C_Q)         0.077     0.077 r  u_book/rescan_index_reg_rep_rep[1]__0/Q
                         net (fo=112, unplaced)       0.237     0.314    u_book/ask_levels_reg_r2_192_255_0_6/ADDRB1
                         RAMD64E (Prop_RAMD64E_RADR1_O)
                                                      0.125     0.439 r  u_book/ask_levels_reg_r2_192_255_0_6/RAMB/O
                         net (fo=1, unplaced)         0.107     0.546    u_book/ask_levels_reg_r2_192_255_0_6_n_1
                         LUT6 (Prop_LUT6_I0_O)        0.145     0.691 r  u_book/rescan_best_price[1]_i_12/O
                         net (fo=1, unplaced)         0.032     0.723    u_book/rescan_best_price[1]_i_12_n_0
                         MUXF7 (Prop_MUXF7_I0_O)      0.069     0.792 r  u_book/rescan_best_price_reg[1]_i_10/O
                         net (fo=1, unplaced)         0.000     0.792    u_book/rescan_best_price_reg[1]_i_10_n_0
                         MUXF8 (Prop_MUXF8_I0_O)      0.030     0.822 r  u_book/rescan_best_price_reg[1]_i_5/O
                         net (fo=1, unplaced)         0.186     1.008    u_book/rescan_best_price_reg[1]_i_5_n_0
                         LUT5 (Prop_LUT5_I4_O)        0.038     1.046 r  u_book/rescan_best_price[1]_i_2/O
                         net (fo=5, unplaced)         0.204     1.250    u_book/rescan_level[price][1]
                         LUT4 (Prop_LUT4_I2_O)        0.070     1.320 r  u_book/rescan_best_price[31]_i_78/O
                         net (fo=1, unplaced)         0.260     1.580    u_book/rescan_best_price[31]_i_78_n_0
                         CARRY8 (Prop_CARRY8_DI[0]_CO[7])
                                                      0.140     1.720 r  u_book/rescan_best_price_reg[31]_i_27/CO[7]
                         net (fo=1, unplaced)         0.005     1.725    u_book/rescan_best_price_reg[31]_i_27_n_0
                         CARRY8 (Prop_CARRY8_CI_CO[7])
                                                      0.022     1.747 r  u_book/rescan_best_price_reg[31]_i_12/CO[7]
                         net (fo=1, unplaced)         0.020     1.767    u_book/rescan_best_shares118_in
                         LUT6 (Prop_LUT6_I0_O)        0.053     1.820 r  u_book/rescan_best_price[31]_i_6/O
                         net (fo=2, unplaced)         0.186     2.006    u_book/rescan_best_price[31]_i_6_n_0
                         LUT4 (Prop_LUT4_I3_O)        0.038     2.044 r  u_book/rescan_best_price[31]_i_5/O
                         net (fo=1, unplaced)         0.186     2.230    u_book/rescan_best_price[31]_i_5_n_0
                         LUT5 (Prop_LUT5_I3_O)        0.038     2.268 r  u_book/rescan_best_price[31]_i_1/O
                         net (fo=32, unplaced)        0.246     2.514    u_book/rescan_best_price[31]_i_1_n_0
                         FDSE                                         r  u_book/rescan_best_price_reg[16]/S
  -------------------------------------------------------------------    -------------------

                         (clock core_clk rise edge)
                                                      3.500     3.500 r  
                                                      0.000     3.500 r  core_clk (IN)
                         net (fo=19329, unset)        0.000     3.500    u_book/core_clk
                         FDSE                                         r  u_book/rescan_best_price_reg[16]/C
                         clock pessimism              0.000     3.500    
                         clock uncertainty           -0.035     3.465    
                         FDSE (Setup_FDSE_C_S)       -0.074     3.391    u_book/rescan_best_price_reg[16]
  -------------------------------------------------------------------
                         required time                          3.391    
                         arrival time                          -2.514    
  -------------------------------------------------------------------
                         slack                                  0.877    

Slack (MET) :             0.877ns  (required time - arrival time)
  Source:                 u_book/rescan_index_reg_rep_rep[1]__0/C
                            (rising edge-triggered cell FDRE clocked by core_clk  {rise@0.000ns fall@1.750ns period=3.500ns})
  Destination:            u_book/rescan_best_price_reg[17]/S
                            (rising edge-triggered cell FDSE clocked by core_clk  {rise@0.000ns fall@1.750ns period=3.500ns})
  Path Group:             core_clk
  Path Type:              Setup (Max at Slow Process Corner)
  Requirement:            3.500ns  (core_clk rise@3.500ns - core_clk rise@0.000ns)
  Data Path Delay:        2.514ns  (logic 0.845ns (33.612%)  route 1.669ns (66.388%))
  Logic Levels:           11  (CARRY8=2 LUT4=2 LUT5=2 LUT6=2 MUXF7=1 MUXF8=1 RAMD64E=1)
  Clock Uncertainty:      0.035ns  ((TSJ^2 + TIJ^2)^1/2 + DJ) / 2 + PE
    Total System Jitter     (TSJ):    0.071ns
    Total Input Jitter      (TIJ):    0.000ns
    Discrete Jitter          (DJ):    0.000ns
    Phase Error              (PE):    0.000ns

    Location             Delay type                Incr(ns)  Path(ns)    Netlist Resource(s)
  -------------------------------------------------------------------    -------------------
                         (clock core_clk rise edge)
                                                      0.000     0.000 r  
                                                      0.000     0.000 r  core_clk (IN)
                         net (fo=19329, unset)        0.000     0.000    u_book/core_clk
                         FDRE                                         r  u_book/rescan_index_reg_rep_rep[1]__0/C
  -------------------------------------------------------------------    -------------------
                         FDRE (Prop_FDRE_C_Q)         0.077     0.077 r  u_book/rescan_index_reg_rep_rep[1]__0/Q
                         net (fo=112, unplaced)       0.237     0.314    u_book/ask_levels_reg_r2_192_255_0_6/ADDRB1
                         RAMD64E (Prop_RAMD64E_RADR1_O)
                                                      0.125     0.439 r  u_book/ask_levels_reg_r2_192_255_0_6/RAMB/O
                         net (fo=1, unplaced)         0.107     0.546    u_book/ask_levels_reg_r2_192_255_0_6_n_1
                         LUT6 (Prop_LUT6_I0_O)        0.145     0.691 r  u_book/rescan_best_price[1]_i_12/O
                         net (fo=1, unplaced)         0.032     0.723    u_book/rescan_best_price[1]_i_12_n_0
                         MUXF7 (Prop_MUXF7_I0_O)      0.069     0.792 r  u_book/rescan_best_price_reg[1]_i_10/O
                         net (fo=1, unplaced)         0.000     0.792    u_book/rescan_best_price_reg[1]_i_10_n_0
                         MUXF8 (Prop_MUXF8_I0_O)      0.030     0.822 r  u_book/rescan_best_price_reg[1]_i_5/O
                         net (fo=1, unplaced)         0.186     1.008    u_book/rescan_best_price_reg[1]_i_5_n_0
                         LUT5 (Prop_LUT5_I4_O)        0.038     1.046 r  u_book/rescan_best_price[1]_i_2/O
                         net (fo=5, unplaced)         0.204     1.250    u_book/rescan_level[price][1]
                         LUT4 (Prop_LUT4_I2_O)        0.070     1.320 r  u_book/rescan_best_price[31]_i_78/O
                         net (fo=1, unplaced)         0.260     1.580    u_book/rescan_best_price[31]_i_78_n_0
                         CARRY8 (Prop_CARRY8_DI[0]_CO[7])
                                                      0.140     1.720 r  u_book/rescan_best_price_reg[31]_i_27/CO[7]
                         net (fo=1, unplaced)         0.005     1.725    u_book/rescan_best_price_reg[31]_i_27_n_0
                         CARRY8 (Prop_CARRY8_CI_CO[7])
                                                      0.022     1.747 r  u_book/rescan_best_price_reg[31]_i_12/CO[7]
                         net (fo=1, unplaced)         0.020     1.767    u_book/rescan_best_shares118_in
                         LUT6 (Prop_LUT6_I0_O)        0.053     1.820 r  u_book/rescan_best_price[31]_i_6/O
                         net (fo=2, unplaced)         0.186     2.006    u_book/rescan_best_price[31]_i_6_n_0
                         LUT4 (Prop_LUT4_I3_O)        0.038     2.044 r  u_book/rescan_best_price[31]_i_5/O
                         net (fo=1, unplaced)         0.186     2.230    u_book/rescan_best_price[31]_i_5_n_0
                         LUT5 (Prop_LUT5_I3_O)        0.038     2.268 r  u_book/rescan_best_price[31]_i_1/O
                         net (fo=32, unplaced)        0.246     2.514    u_book/rescan_best_price[31]_i_1_n_0
                         FDSE                                         r  u_book/rescan_best_price_reg[17]/S
  -------------------------------------------------------------------    -------------------

                         (clock core_clk rise edge)
                                                      3.500     3.500 r  
                                                      0.000     3.500 r  core_clk (IN)
                         net (fo=19329, unset)        0.000     3.500    u_book/core_clk
                         FDSE                                         r  u_book/rescan_best_price_reg[17]/C
                         clock pessimism              0.000     3.500    
                         clock uncertainty           -0.035     3.465    
                         FDSE (Setup_FDSE_C_S)       -0.074     3.391    u_book/rescan_best_price_reg[17]
  -------------------------------------------------------------------
                         required time                          3.391    
                         arrival time                          -2.514    
  -------------------------------------------------------------------
                         slack                                  0.877    

Slack (MET) :             0.877ns  (required time - arrival time)
  Source:                 u_book/rescan_index_reg_rep_rep[1]__0/C
                            (rising edge-triggered cell FDRE clocked by core_clk  {rise@0.000ns fall@1.750ns period=3.500ns})
  Destination:            u_book/rescan_best_price_reg[18]/S
                            (rising edge-triggered cell FDSE clocked by core_clk  {rise@0.000ns fall@1.750ns period=3.500ns})
  Path Group:             core_clk
  Path Type:              Setup (Max at Slow Process Corner)
  Requirement:            3.500ns  (core_clk rise@3.500ns - core_clk rise@0.000ns)
  Data Path Delay:        2.514ns  (logic 0.845ns (33.612%)  route 1.669ns (66.388%))
  Logic Levels:           11  (CARRY8=2 LUT4=2 LUT5=2 LUT6=2 MUXF7=1 MUXF8=1 RAMD64E=1)
  Clock Uncertainty:      0.035ns  ((TSJ^2 + TIJ^2)^1/2 + DJ) / 2 + PE
    Total System Jitter     (TSJ):    0.071ns
    Total Input Jitter      (TIJ):    0.000ns
    Discrete Jitter          (DJ):    0.000ns
    Phase Error              (PE):    0.000ns

    Location             Delay type                Incr(ns)  Path(ns)    Netlist Resource(s)
  -------------------------------------------------------------------    -------------------
                         (clock core_clk rise edge)
                                                      0.000     0.000 r  
                                                      0.000     0.000 r  core_clk (IN)
                         net (fo=19329, unset)        0.000     0.000    u_book/core_clk
                         FDRE                                         r  u_book/rescan_index_reg_rep_rep[1]__0/C
  -------------------------------------------------------------------    -------------------
                         FDRE (Prop_FDRE_C_Q)         0.077     0.077 r  u_book/rescan_index_reg_rep_rep[1]__0/Q
                         net (fo=112, unplaced)       0.237     0.314    u_book/ask_levels_reg_r2_192_255_0_6/ADDRB1
                         RAMD64E (Prop_RAMD64E_RADR1_O)
                                                      0.125     0.439 r  u_book/ask_levels_reg_r2_192_255_0_6/RAMB/O
                         net (fo=1, unplaced)         0.107     0.546    u_book/ask_levels_reg_r2_192_255_0_6_n_1
                         LUT6 (Prop_LUT6_I0_O)        0.145     0.691 r  u_book/rescan_best_price[1]_i_12/O
                         net (fo=1, unplaced)         0.032     0.723    u_book/rescan_best_price[1]_i_12_n_0
                         MUXF7 (Prop_MUXF7_I0_O)      0.069     0.792 r  u_book/rescan_best_price_reg[1]_i_10/O
                         net (fo=1, unplaced)         0.000     0.792    u_book/rescan_best_price_reg[1]_i_10_n_0
                         MUXF8 (Prop_MUXF8_I0_O)      0.030     0.822 r  u_book/rescan_best_price_reg[1]_i_5/O
                         net (fo=1, unplaced)         0.186     1.008    u_book/rescan_best_price_reg[1]_i_5_n_0
                         LUT5 (Prop_LUT5_I4_O)        0.038     1.046 r  u_book/rescan_best_price[1]_i_2/O
                         net (fo=5, unplaced)         0.204     1.250    u_book/rescan_level[price][1]
                         LUT4 (Prop_LUT4_I2_O)        0.070     1.320 r  u_book/rescan_best_price[31]_i_78/O
                         net (fo=1, unplaced)         0.260     1.580    u_book/rescan_best_price[31]_i_78_n_0
                         CARRY8 (Prop_CARRY8_DI[0]_CO[7])
                                                      0.140     1.720 r  u_book/rescan_best_price_reg[31]_i_27/CO[7]
                         net (fo=1, unplaced)         0.005     1.725    u_book/rescan_best_price_reg[31]_i_27_n_0
                         CARRY8 (Prop_CARRY8_CI_CO[7])
                                                      0.022     1.747 r  u_book/rescan_best_price_reg[31]_i_12/CO[7]
                         net (fo=1, unplaced)         0.020     1.767    u_book/rescan_best_shares118_in
                         LUT6 (Prop_LUT6_I0_O)        0.053     1.820 r  u_book/rescan_best_price[31]_i_6/O
                         net (fo=2, unplaced)         0.186     2.006    u_book/rescan_best_price[31]_i_6_n_0
                         LUT4 (Prop_LUT4_I3_O)        0.038     2.044 r  u_book/rescan_best_price[31]_i_5/O
                         net (fo=1, unplaced)         0.186     2.230    u_book/rescan_best_price[31]_i_5_n_0
                         LUT5 (Prop_LUT5_I3_O)        0.038     2.268 r  u_book/rescan_best_price[31]_i_1/O
                         net (fo=32, unplaced)        0.246     2.514    u_book/rescan_best_price[31]_i_1_n_0
                         FDSE                                         r  u_book/rescan_best_price_reg[18]/S
  -------------------------------------------------------------------    -------------------

                         (clock core_clk rise edge)
                                                      3.500     3.500 r  
                                                      0.000     3.500 r  core_clk (IN)
                         net (fo=19329, unset)        0.000     3.500    u_book/core_clk
                         FDSE                                         r  u_book/rescan_best_price_reg[18]/C
                         clock pessimism              0.000     3.500    
                         clock uncertainty           -0.035     3.465    
                         FDSE (Setup_FDSE_C_S)       -0.074     3.391    u_book/rescan_best_price_reg[18]
  -------------------------------------------------------------------
                         required time                          3.391    
                         arrival time                          -2.514    
  -------------------------------------------------------------------
                         slack                                  0.877    




