Copyright 1986-2022 Xilinx, Inc. All Rights Reserved. Copyright 2022-2024 Advanced Micro Devices, Inc. All Rights Reserved.
--------------------------------------------------------------------------------------------------------------------------------------------------
| Tool Version      : Vivado v.2024.1 (lin64) Build 5076996 Wed May 22 18:36:09 MDT 2024
| Date              : Mon Aug 24 22:15:03 2026
| Host              : ece006.ece.local.cmu.edu running 64-bit Red Hat Enterprise Linux release 8.10 (Ootpa)
| Command           : report_timing_summary -file ./fpga/results/timing_route.rpt
| Design            : tick2trade_top
| Device            : xczu7ev-ffvc1156
| Speed File        : -2  PRODUCTION 1.30 05-15-2022
| Design State      : Physopt postRoute
| Temperature Grade : E
--------------------------------------------------------------------------------------------------------------------------------------------------

Timing Summary Report

------------------------------------------------------------------------------------------------
| Timer Settings
| --------------
------------------------------------------------------------------------------------------------

  Enable Multi Corner Analysis               :  Yes
  Enable Pessimism Removal                   :  Yes
  Pessimism Removal Resolution               :  Nearest Common Node
  Enable Input Delay Default Clock           :  No
  Enable Preset / Clear Arcs                 :  No
  Disable Flight Delays                      :  No
  Ignore I/O Paths                           :  No
  Timing Early Launch at Borrowing Latches   :  No
  Borrow Time for Max Delay Exceptions       :  Yes
  Merge Timing Exceptions                    :  Yes
  Inter-SLR Compensation                     :  Conservative

  Corner  Analyze    Analyze    
  Name    Max Paths  Min Paths  
  ------  ---------  ---------  
  Slow    Yes        Yes        
  Fast    Yes        Yes        


------------------------------------------------------------------------------------------------
| Report Methodology
| ------------------
------------------------------------------------------------------------------------------------

No report available as report_methodology has not been run prior. Run report_methodology on the current design for the summary of methodology violations.



check_timing report

Table of Contents
-----------------
1. checking no_clock (0)
2. checking constant_clock (0)
3. checking pulse_width_clock (0)
4. checking unconstrained_internal_endpoints (0)
5. checking no_input_delay (61)
6. checking no_output_delay (522)
7. checking multiple_clock (0)
8. checking generated_clocks (0)
9. checking loops (0)
10. checking partial_input_delay (0)
11. checking partial_output_delay (0)
12. checking latch_loops (0)

1. checking no_clock (0)
------------------------
 There are 0 register/latch pins with no clock.


2. checking constant_clock (0)
------------------------------
 There are 0 register/latch pins with constant_clock.


3. checking pulse_width_clock (0)
---------------------------------
 There are 0 register/latch pins which need pulse_width check


4. checking unconstrained_internal_endpoints (0)
------------------------------------------------
 There are 0 pins that are not constrained for maximum delay.

 There are 0 pins that are not constrained for maximum delay due to constant clock.


5. checking no_input_delay (61)
-------------------------------
 There are 61 input ports with no input delay specified. (HIGH)

 There are 0 input ports with no input delay but user has a false path constraint.


6. checking no_output_delay (522)
---------------------------------
 There are 522 ports with no output delay specified. (HIGH)

 There are 0 ports with no output delay but user has a false path constraint

 There are 0 ports with no output delay but with a timing clock defined on it or propagating through it


7. checking multiple_clock (0)
------------------------------
 There are 0 register/latch pins with multiple clocks.


8. checking generated_clocks (0)
--------------------------------
 There are 0 generated clocks that are not connected to a clock source.


9. checking loops (0)
---------------------
 There are 0 combinational loops in the design.


10. checking partial_input_delay (0)
------------------------------------
 There are 0 input ports with partial input delay specified.


11. checking partial_output_delay (0)
-------------------------------------
 There are 0 ports with partial output delay specified.


12. checking latch_loops (0)
----------------------------
 There are 0 combinational latch loops in the design through latch input



------------------------------------------------------------------------------------------------
| Design Timing Summary
| ---------------------
------------------------------------------------------------------------------------------------

    WNS(ns)      TNS(ns)  TNS Failing Endpoints  TNS Total Endpoints      WHS(ns)      THS(ns)  THS Failing Endpoints  THS Total Endpoints     WPWS(ns)     TPWS(ns)  TPWS Failing Endpoints  TPWS Total Endpoints  
    -------      -------  ---------------------  -------------------      -------      -------  ---------------------  -------------------     --------     --------  ----------------------  --------------------  
      0.034        0.000                      0               173566        0.011        0.000                      0               173566        1.218        0.000                       0                 19588  


All user specified timing constraints are met.


------------------------------------------------------------------------------------------------
| Clock Summary
| -------------
------------------------------------------------------------------------------------------------

Clock     Waveform(ns)         Period(ns)      Frequency(MHz)
-----     ------------         ----------      --------------
core_clk  {0.000 1.750}        3.500           285.714         
dma_clk   {0.000 5.000}        10.000          100.000         


------------------------------------------------------------------------------------------------
| Intra Clock Table
| -----------------
------------------------------------------------------------------------------------------------

Clock             WNS(ns)      TNS(ns)  TNS Failing Endpoints  TNS Total Endpoints      WHS(ns)      THS(ns)  THS Failing Endpoints  THS Total Endpoints     WPWS(ns)     TPWS(ns)  TPWS Failing Endpoints  TPWS Total Endpoints  
-----             -------      -------  ---------------------  -------------------      -------      -------  ---------------------  -------------------     --------     --------  ----------------------  --------------------  
core_clk            0.034        0.000                      0               173472        0.011        0.000                      0               173472        1.218        0.000                       0                 19553  
dma_clk             8.483        0.000                      0                   94        0.044        0.000                      0                   94        4.468        0.000                       0                    35  


------------------------------------------------------------------------------------------------
| Inter Clock Table
| -----------------
------------------------------------------------------------------------------------------------

From Clock    To Clock          WNS(ns)      TNS(ns)  TNS Failing Endpoints  TNS Total Endpoints      WHS(ns)      THS(ns)  THS Failing Endpoints  THS Total Endpoints  
----------    --------          -------      -------  ---------------------  -------------------      -------      -------  ---------------------  -------------------  


------------------------------------------------------------------------------------------------
| Other Path Groups Table
| -----------------------
------------------------------------------------------------------------------------------------

Path Group    From Clock    To Clock          WNS(ns)      TNS(ns)  TNS Failing Endpoints  TNS Total Endpoints      WHS(ns)      THS(ns)  THS Failing Endpoints  THS Total Endpoints  
----------    ----------    --------          -------      -------  ---------------------  -------------------      -------      -------  ---------------------  -------------------  


------------------------------------------------------------------------------------------------
| Timing Details
| --------------
------------------------------------------------------------------------------------------------


---------------------------------------------------------------------------------------------------
From Clock:  core_clk
  To Clock:  core_clk

Setup :            0  Failing Endpoints,  Worst Slack        0.034ns,  Total Violation        0.000ns
Hold  :            0  Failing Endpoints,  Worst Slack        0.011ns,  Total Violation        0.000ns
PW    :            0  Failing Endpoints,  Worst Slack        1.218ns,  Total Violation        0.000ns
---------------------------------------------------------------------------------------------------


Max Delay Paths
--------------------------------------------------------------------------------------
Slack (MET) :             0.034ns  (required time - arrival time)
  Source:                 u_book/curr_level_reg[5]_rep__20/C
                            (rising edge-triggered cell FDRE clocked by core_clk  {rise@0.000ns fall@1.750ns period=3.500ns})
  Destination:            u_book/bid_levels_reg_r2_640_703_49_55/RAMA/WADR5
                            (rising edge-triggered cell RAMD64E clocked by core_clk  {rise@0.000ns fall@1.750ns period=3.500ns})
  Path Group:             core_clk
  Path Type:              Setup (Max at Slow Process Corner)
  Requirement:            3.500ns  (core_clk rise@3.500ns - core_clk rise@0.000ns)
  Data Path Delay:        3.268ns  (logic 0.080ns (2.448%)  route 3.188ns (97.552%))
  Logic Levels:           0  
  Clock Path Skew:        -0.067ns (DCD - SCD + CPR)
    Destination Clock Delay (DCD):    2.631ns = ( 6.131 - 3.500 ) 
    Source Clock Delay      (SCD):    2.869ns
    Clock Pessimism Removal (CPR):    0.171ns
  Clock Uncertainty:      0.035ns  ((TSJ^2 + TIJ^2)^1/2 + DJ) / 2 + PE
    Total System Jitter     (TSJ):    0.071ns
    Total Input Jitter      (TIJ):    0.000ns
    Discrete Jitter          (DJ):    0.000ns
    Phase Error              (PE):    0.000ns

    Location             Delay type                Incr(ns)  Path(ns)    Netlist Resource(s)
  -------------------------------------------------------------------    -------------------
                         (clock core_clk rise edge)
                                                      0.000     0.000 r  
                                                      0.000     0.000 r  core_clk (IN)
                         net (fo=19552, unset)        2.869     2.869    u_book/core_clk
    SLICE_X75Y85         FDRE                                         r  u_book/curr_level_reg[5]_rep__20/C
  -------------------------------------------------------------------    -------------------
    SLICE_X75Y85         FDRE (Prop_HFF2_SLICEL_C_Q)
                                                      0.080     2.949 r  u_book/curr_level_reg[5]_rep__20/Q
                         net (fo=888, routed)         3.188     6.137    u_book/bid_levels_reg_r2_640_703_49_55/ADDRH5
    SLICE_X83Y174        RAMD64E                                      r  u_book/bid_levels_reg_r2_640_703_49_55/RAMA/WADR5
  -------------------------------------------------------------------    -------------------

                         (clock core_clk rise edge)
                                                      3.500     3.500 r  
                                                      0.000     3.500 r  core_clk (IN)
                         net (fo=19552, unset)        2.631     6.131    u_book/bid_levels_reg_r2_640_703_49_55/WCLK
    SLICE_X83Y174        RAMD64E                                      r  u_book/bid_levels_reg_r2_640_703_49_55/RAMA/CLK
                         clock pessimism              0.171     6.302    
                         clock uncertainty           -0.035     6.267    
    SLICE_X83Y174        RAMD64E (Setup_A6LUT_SLICEM_CLK_WADR5)
                                                     -0.096     6.171    u_book/bid_levels_reg_r2_640_703_49_55/RAMA
  -------------------------------------------------------------------
                         required time                          6.171    
                         arrival time                          -6.137    
  -------------------------------------------------------------------
                         slack                                  0.034    





Min Delay Paths
--------------------------------------------------------------------------------------
Slack (MET) :             0.011ns  (arrival time - required time)
  Source:                 u_deframer/sequence_num_reg[26]/C
                            (rising edge-triggered cell FDRE clocked by core_clk  {rise@0.000ns fall@1.750ns period=3.500ns})
  Destination:            u_deframer/sequence_num_reg[34]/D
                            (rising edge-triggered cell FDRE clocked by core_clk  {rise@0.000ns fall@1.750ns period=3.500ns})
  Path Group:             core_clk
  Path Type:              Hold (Min at Slow Process Corner)
  Requirement:            0.000ns  (core_clk rise@0.000ns - core_clk rise@0.000ns)
  Data Path Delay:        0.130ns  (logic 0.058ns (44.477%)  route 0.072ns (55.523%))
  Logic Levels:           0  
  Clock Path Skew:        0.057ns (DCD - SCD - CPR)
    Destination Clock Delay (DCD):    2.993ns
    Source Clock Delay      (SCD):    2.655ns
    Clock Pessimism Removal (CPR):    0.281ns

    Location             Delay type                Incr(ns)  Path(ns)    Netlist Resource(s)
  -------------------------------------------------------------------    -------------------
                         (clock core_clk rise edge)
                                                      0.000     0.000 r  
                                                      0.000     0.000 r  core_clk (IN)
                         net (fo=19552, unset)        2.655     2.655    u_deframer/core_clk
    SLICE_X97Y147        FDRE                                         r  u_deframer/sequence_num_reg[26]/C
  -------------------------------------------------------------------    -------------------
    SLICE_X97Y147        FDRE (Prop_FFF_SLICEL_C_Q)
                                                      0.058     2.713 r  u_deframer/sequence_num_reg[26]/Q
                         net (fo=5, routed)           0.072     2.785    u_deframer/sequence_num_reg[63]_0[26]
    SLICE_X97Y148        FDRE                                         r  u_deframer/sequence_num_reg[34]/D
  -------------------------------------------------------------------    -------------------

                         (clock core_clk rise edge)
                                                      0.000     0.000 r  
                                                      0.000     0.000 r  core_clk (IN)
                         net (fo=19552, unset)        2.993     2.993    u_deframer/core_clk
    SLICE_X97Y148        FDRE                                         r  u_deframer/sequence_num_reg[34]/C
                         clock pessimism             -0.281     2.712    
    SLICE_X97Y148        FDRE (Hold_EFF2_SLICEL_C_D)
                                                      0.062     2.774    u_deframer/sequence_num_reg[34]
  -------------------------------------------------------------------
                         required time                         -2.774    
                         arrival time                           2.785    
  -------------------------------------------------------------------
                         slack                                  0.011    





Pulse Width Checks
--------------------------------------------------------------------------------------
Clock Name:         core_clk
Waveform(ns):       { 0.000 1.750 }
Period(ns):         3.500
Sources:            { core_clk }

Check Type        Corner  Lib Pin      Reference Pin  Required(ns)  Actual(ns)  Slack(ns)  Location       Pin
Min Period        n/a     RAMD64E/CLK  n/a            1.064         3.500       2.436      SLICE_X93Y103  u_book/ask_levels_reg_0_255_0_0/DP.A/CLK
Low Pulse Width   Slow    RAMD64E/CLK  n/a            0.532         1.750       1.218      SLICE_X93Y103  u_book/ask_levels_reg_0_255_0_0/DP.A/CLK
High Pulse Width  Slow    RAMD64E/CLK  n/a            0.532         1.750       1.218      SLICE_X93Y103  u_book/ask_levels_reg_0_255_0_0/DP.A/CLK



---------------------------------------------------------------------------------------------------
From Clock:  dma_clk
  To Clock:  dma_clk

Setup :            0  Failing Endpoints,  Worst Slack        8.483ns,  Total Violation        0.000ns
Hold  :            0  Failing Endpoints,  Worst Slack        0.044ns,  Total Violation        0.000ns
PW    :            0  Failing Endpoints,  Worst Slack        4.468ns,  Total Violation        0.000ns
---------------------------------------------------------------------------------------------------


Max Delay Paths
--------------------------------------------------------------------------------------
Slack (MET) :             8.483ns  (required time - arrival time)
  Source:                 u_fifo/r_ptr_gray_q2_reg[3]/C
                            (rising edge-triggered cell FDRE clocked by dma_clk  {rise@0.000ns fall@5.000ns period=10.000ns})
  Destination:            u_fifo/mem_reg_0_15_0_8/RAMA/WE
                            (rising edge-triggered cell RAMD32 clocked by dma_clk  {rise@0.000ns fall@5.000ns period=10.000ns})
  Path Group:             dma_clk
  Path Type:              Setup (Max at Slow Process Corner)
  Requirement:            10.000ns  (dma_clk rise@10.000ns - dma_clk rise@0.000ns)
  Data Path Delay:        1.203ns  (logic 0.274ns (22.771%)  route 0.929ns (77.229%))
  Logic Levels:           2  (LUT6=2)
  Clock Path Skew:        -0.098ns (DCD - SCD + CPR)
    Destination Clock Delay (DCD):    2.832ns = ( 12.832 - 10.000 ) 
    Source Clock Delay      (SCD):    3.197ns
    Clock Pessimism Removal (CPR):    0.267ns
  Clock Uncertainty:      0.035ns  ((TSJ^2 + TIJ^2)^1/2 + DJ) / 2 + PE
    Total System Jitter     (TSJ):    0.071ns
    Total Input Jitter      (TIJ):    0.000ns
    Discrete Jitter          (DJ):    0.000ns
    Phase Error              (PE):    0.000ns

    Location             Delay type                Incr(ns)  Path(ns)    Netlist Resource(s)
  -------------------------------------------------------------------    -------------------
                         (clock dma_clk rise edge)    0.000     0.000 r  
                                                      0.000     0.000 r  dma_clk (IN)
                         net (fo=34, unset)           3.197     3.197    u_fifo/dma_clk
    SLICE_X101Y71        FDRE                                         r  u_fifo/r_ptr_gray_q2_reg[3]/C
  -------------------------------------------------------------------    -------------------
    SLICE_X101Y71        FDRE (Prop_BFF_SLICEL_C_Q)
                                                      0.079     3.276 r  u_fifo/r_ptr_gray_q2_reg[3]/Q
                         net (fo=1, routed)           0.415     3.691    u_fifo/r_ptr_gray_q2[3]
    SLICE_X103Y82        LUT6 (Prop_C6LUT_SLICEL_I3_O)
                                                      0.096     3.787 r  u_fifo/s_axis_tready_INST_0_i_1/O
                         net (fo=3, routed)           0.100     3.887    u_fifo/s_axis_tready_INST_0_i_1_n_0
    SLICE_X103Y82        LUT6 (Prop_D6LUT_SLICEL_I0_O)
                                                      0.099     3.986 r  u_fifo/mem_reg_0_15_0_8_i_1/O
                         net (fo=16, routed)          0.414     4.400    u_fifo/mem_reg_0_15_0_8/WE
    SLICE_X105Y93        RAMD32                                       r  u_fifo/mem_reg_0_15_0_8/RAMA/WE
  -------------------------------------------------------------------    -------------------

                         (clock dma_clk rise edge)   10.000    10.000 r  
                                                      0.000    10.000 r  dma_clk (IN)
                         net (fo=34, unset)           2.832    12.832    u_fifo/mem_reg_0_15_0_8/WCLK
    SLICE_X105Y93        RAMD32                                       r  u_fifo/mem_reg_0_15_0_8/RAMA/CLK
                         clock pessimism              0.267    13.099    
                         clock uncertainty           -0.035    13.064    
    SLICE_X105Y93        RAMD32 (Setup_A5LUT_SLICEM_CLK_WE)
                                                     -0.180    12.884    u_fifo/mem_reg_0_15_0_8/RAMA
  -------------------------------------------------------------------
                         required time                         12.884    
                         arrival time                          -4.400    
  -------------------------------------------------------------------
                         slack                                  8.483    





Min Delay Paths
--------------------------------------------------------------------------------------
Slack (MET) :             0.044ns  (arrival time - required time)
  Source:                 u_fifo/r_ptr_gray_q1_reg[0]/C
                            (rising edge-triggered cell FDRE clocked by dma_clk  {rise@0.000ns fall@5.000ns period=10.000ns})
  Destination:            u_fifo/r_ptr_gray_q2_reg[0]/D
                            (rising edge-triggered cell FDRE clocked by dma_clk  {rise@0.000ns fall@5.000ns period=10.000ns})
  Path Group:             dma_clk
  Path Type:              Hold (Min at Fast Process Corner)
  Requirement:            0.000ns  (dma_clk rise@0.000ns - dma_clk rise@0.000ns)
  Data Path Delay:        0.097ns  (logic 0.039ns (40.206%)  route 0.058ns (59.794%))
  Logic Levels:           0  
  Clock Path Skew:        0.006ns (DCD - SCD - CPR)
    Destination Clock Delay (DCD):    1.931ns
    Source Clock Delay      (SCD):    1.724ns
    Clock Pessimism Removal (CPR):    0.201ns

    Location             Delay type                Incr(ns)  Path(ns)    Netlist Resource(s)
  -------------------------------------------------------------------    -------------------
                         (clock dma_clk rise edge)    0.000     0.000 r  
                                                      0.000     0.000 r  dma_clk (IN)
                         net (fo=34, unset)           1.724     1.724    u_fifo/dma_clk
    SLICE_X103Y81        FDRE                                         r  u_fifo/r_ptr_gray_q1_reg[0]/C
  -------------------------------------------------------------------    -------------------
    SLICE_X103Y81        FDRE (Prop_EFF_SLICEL_C_Q)
                                                      0.039     1.763 r  u_fifo/r_ptr_gray_q1_reg[0]/Q
                         net (fo=1, routed)           0.058     1.821    u_fifo/r_ptr_gray_q1[0]
    SLICE_X103Y81        FDRE                                         r  u_fifo/r_ptr_gray_q2_reg[0]/D
  -------------------------------------------------------------------    -------------------

                         (clock dma_clk rise edge)    0.000     0.000 r  
                                                      0.000     0.000 r  dma_clk (IN)
                         net (fo=34, unset)           1.931     1.931    u_fifo/dma_clk
    SLICE_X103Y81        FDRE                                         r  u_fifo/r_ptr_gray_q2_reg[0]/C
                         clock pessimism             -0.201     1.730    
    SLICE_X103Y81        FDRE (Hold_EFF2_SLICEL_C_D)
                                                      0.047     1.777    u_fifo/r_ptr_gray_q2_reg[0]
  -------------------------------------------------------------------
                         required time                         -1.777    
                         arrival time                           1.821    
  -------------------------------------------------------------------
                         slack                                  0.044    





Pulse Width Checks
--------------------------------------------------------------------------------------
Clock Name:         dma_clk
Waveform(ns):       { 0.000 5.000 }
Period(ns):         10.000
Sources:            { dma_clk }

Check Type        Corner  Lib Pin     Reference Pin  Required(ns)  Actual(ns)  Slack(ns)  Location       Pin
Min Period        n/a     RAMD32/CLK  n/a            1.064         10.000      8.936      SLICE_X105Y93  u_fifo/mem_reg_0_15_0_8/RAMA/CLK
Low Pulse Width   Slow    RAMD32/CLK  n/a            0.532         5.000       4.468      SLICE_X105Y93  u_fifo/mem_reg_0_15_0_8/RAMA/CLK
High Pulse Width  Slow    RAMD32/CLK  n/a            0.532         5.000       4.468      SLICE_X105Y93  u_fifo/mem_reg_0_15_0_8/RAMA/CLK



