Copyright 1986-2022 Xilinx, Inc. All Rights Reserved. Copyright 2022-2024 Advanced Micro Devices, Inc. All Rights Reserved.
--------------------------------------------------------------------------------------------------------------------------------------------------
| Tool Version      : Vivado v.2024.1 (lin64) Build 5076996 Wed May 22 18:36:09 MDT 2024
| Date              : Mon Aug 24 22:15:05 2026
| Host              : ece006.ece.local.cmu.edu running 64-bit Red Hat Enterprise Linux release 8.10 (Ootpa)
| Command           : report_timing -delay_type max -max_paths 10 -nworst 1 -unique_pins -file ./fpga/results/timing_route_critical.rpt
| Design            : tick2trade_top
| Device            : xczu7ev-ffvc1156
| Speed File        : -2  PRODUCTION 1.30 05-15-2022
| Design State      : Physopt postRoute
| Temperature Grade : E
--------------------------------------------------------------------------------------------------------------------------------------------------

Timing Report

Slack (MET) :             0.034ns  (required time - arrival time)
  Source:                 u_book/curr_level_reg[5]_rep__20/C
                            (rising edge-triggered cell FDRE clocked by core_clk  {rise@0.000ns fall@1.750ns period=3.500ns})
  Destination:            u_book/bid_levels_reg_r2_640_703_49_55/RAMA/WADR5
                            (rising edge-triggered cell RAMD64E clocked by core_clk  {rise@0.000ns fall@1.750ns period=3.500ns})
  Path Group:             core_clk
  Path Type:              Setup (Max at Slow Process Corner)
  Requirement:            3.500ns  (core_clk rise@3.500ns - core_clk rise@0.000ns)
  Data Path Delay:        3.268ns  (logic 0.080ns (2.448%)  route 3.188ns (97.552%))
  Logic Levels:           0  
  Clock Path Skew:        -0.067ns (DCD - SCD + CPR)
    Destination Clock Delay (DCD):    2.631ns = ( 6.131 - 3.500 ) 
    Source Clock Delay      (SCD):    2.869ns
    Clock Pessimism Removal (CPR):    0.171ns
  Clock Uncertainty:      0.035ns  ((TSJ^2 + TIJ^2)^1/2 + DJ) / 2 + PE
    Total System Jitter     (TSJ):    0.071ns
    Total Input Jitter      (TIJ):    0.000ns
    Discrete Jitter          (DJ):    0.000ns
    Phase Error              (PE):    0.000ns

    Location             Delay type                Incr(ns)  Path(ns)    Netlist Resource(s)
  -------------------------------------------------------------------    -------------------
                         (clock core_clk rise edge)
                                                      0.000     0.000 r  
                                                      0.000     0.000 r  core_clk (IN)
                         net (fo=19552, unset)        2.869     2.869    u_book/core_clk
    SLICE_X75Y85         FDRE                                         r  u_book/curr_level_reg[5]_rep__20/C
  -------------------------------------------------------------------    -------------------
    SLICE_X75Y85         FDRE (Prop_HFF2_SLICEL_C_Q)
                                                      0.080     2.949 r  u_book/curr_level_reg[5]_rep__20/Q
                         net (fo=888, routed)         3.188     6.137    u_book/bid_levels_reg_r2_640_703_49_55/ADDRH5
    SLICE_X83Y174        RAMD64E                                      r  u_book/bid_levels_reg_r2_640_703_49_55/RAMA/WADR5
  -------------------------------------------------------------------    -------------------

                         (clock core_clk rise edge)
                                                      3.500     3.500 r  
                                                      0.000     3.500 r  core_clk (IN)
                         net (fo=19552, unset)        2.631     6.131    u_book/bid_levels_reg_r2_640_703_49_55/WCLK
    SLICE_X83Y174        RAMD64E                                      r  u_book/bid_levels_reg_r2_640_703_49_55/RAMA/CLK
                         clock pessimism              0.171     6.302    
                         clock uncertainty           -0.035     6.267    
    SLICE_X83Y174        RAMD64E (Setup_A6LUT_SLICEM_CLK_WADR5)
                                                     -0.096     6.171    u_book/bid_levels_reg_r2_640_703_49_55/RAMA
  -------------------------------------------------------------------
                         required time                          6.171    
                         arrival time                          -6.137    
  -------------------------------------------------------------------
                         slack                                  0.034    

Slack (MET) :             0.034ns  (required time - arrival time)
  Source:                 u_book/curr_level_reg[5]_rep__20/C
                            (rising edge-triggered cell FDRE clocked by core_clk  {rise@0.000ns fall@1.750ns period=3.500ns})
  Destination:            u_book/bid_levels_reg_r2_640_703_49_55/RAMB/WADR5
                            (rising edge-triggered cell RAMD64E clocked by core_clk  {rise@0.000ns fall@1.750ns period=3.500ns})
  Path Group:             core_clk
  Path Type:              Setup (Max at Slow Process Corner)
  Requirement:            3.500ns  (core_clk rise@3.500ns - core_clk rise@0.000ns)
  Data Path Delay:        3.268ns  (logic 0.080ns (2.448%)  route 3.188ns (97.552%))
  Logic Levels:           0  
  Clock Path Skew:        -0.067ns (DCD - SCD + CPR)
    Destination Clock Delay (DCD):    2.631ns = ( 6.131 - 3.500 ) 
    Source Clock Delay      (SCD):    2.869ns
    Clock Pessimism Removal (CPR):    0.171ns
  Clock Uncertainty:      0.035ns  ((TSJ^2 + TIJ^2)^1/2 + DJ) / 2 + PE
    Total System Jitter     (TSJ):    0.071ns
    Total Input Jitter      (TIJ):    0.000ns
    Discrete Jitter          (DJ):    0.000ns
    Phase Error              (PE):    0.000ns

    Location             Delay type                Incr(ns)  Path(ns)    Netlist Resource(s)
  -------------------------------------------------------------------    -------------------
                         (clock core_clk rise edge)
                                                      0.000     0.000 r  
                                                      0.000     0.000 r  core_clk (IN)
                         net (fo=19552, unset)        2.869     2.869    u_book/core_clk
    SLICE_X75Y85         FDRE                                         r  u_book/curr_level_reg[5]_rep__20/C
  -------------------------------------------------------------------    -------------------
    SLICE_X75Y85         FDRE (Prop_HFF2_SLICEL_C_Q)
                                                      0.080     2.949 r  u_book/curr_level_reg[5]_rep__20/Q
                         net (fo=888, routed)         3.188     6.137    u_book/bid_levels_reg_r2_640_703_49_55/ADDRH5
    SLICE_X83Y174        RAMD64E                                      r  u_book/bid_levels_reg_r2_640_703_49_55/RAMB/WADR5
  -------------------------------------------------------------------    -------------------

                         (clock core_clk rise edge)
                                                      3.500     3.500 r  
                                                      0.000     3.500 r  core_clk (IN)
                         net (fo=19552, unset)        2.631     6.131    u_book/bid_levels_reg_r2_640_703_49_55/WCLK
    SLICE_X83Y174        RAMD64E                                      r  u_book/bid_levels_reg_r2_640_703_49_55/RAMB/CLK
                         clock pessimism              0.171     6.302    
                         clock uncertainty           -0.035     6.267    
    SLICE_X83Y174        RAMD64E (Setup_B6LUT_SLICEM_CLK_WADR5)
                                                     -0.096     6.171    u_book/bid_levels_reg_r2_640_703_49_55/RAMB
  -------------------------------------------------------------------
                         required time                          6.171    
                         arrival time                          -6.137    
  -------------------------------------------------------------------
                         slack                                  0.034    

Slack (MET) :             0.034ns  (required time - arrival time)
  Source:                 u_book/curr_level_reg[5]_rep__20/C
                            (rising edge-triggered cell FDRE clocked by core_clk  {rise@0.000ns fall@1.750ns period=3.500ns})
  Destination:            u_book/bid_levels_reg_r2_640_703_49_55/RAMC/WADR5
                            (rising edge-triggered cell RAMD64E clocked by core_clk  {rise@0.000ns fall@1.750ns period=3.500ns})
  Path Group:             core_clk
  Path Type:              Setup (Max at Slow Process Corner)
  Requirement:            3.500ns  (core_clk rise@3.500ns - core_clk rise@0.000ns)
  Data Path Delay:        3.268ns  (logic 0.080ns (2.448%)  route 3.188ns (97.552%))
  Logic Levels:           0  
  Clock Path Skew:        -0.067ns (DCD - SCD + CPR)
    Destination Clock Delay (DCD):    2.631ns = ( 6.131 - 3.500 ) 
    Source Clock Delay      (SCD):    2.869ns
    Clock Pessimism Removal (CPR):    0.171ns
  Clock Uncertainty:      0.035ns  ((TSJ^2 + TIJ^2)^1/2 + DJ) / 2 + PE
    Total System Jitter     (TSJ):    0.071ns
    Total Input Jitter      (TIJ):    0.000ns
    Discrete Jitter          (DJ):    0.000ns
    Phase Error              (PE):    0.000ns

    Location             Delay type                Incr(ns)  Path(ns)    Netlist Resource(s)
  -------------------------------------------------------------------    -------------------
                         (clock core_clk rise edge)
                                                      0.000     0.000 r  
                                                      0.000     0.000 r  core_clk (IN)
                         net (fo=19552, unset)        2.869     2.869    u_book/core_clk
    SLICE_X75Y85         FDRE                                         r  u_book/curr_level_reg[5]_rep__20/C
  -------------------------------------------------------------------    -------------------
    SLICE_X75Y85         FDRE (Prop_HFF2_SLICEL_C_Q)
                                                      0.080     2.949 r  u_book/curr_level_reg[5]_rep__20/Q
                         net (fo=888, routed)         3.188     6.137    u_book/bid_levels_reg_r2_640_703_49_55/ADDRH5
    SLICE_X83Y174        RAMD64E                                      r  u_book/bid_levels_reg_r2_640_703_49_55/RAMC/WADR5
  -------------------------------------------------------------------    -------------------

                         (clock core_clk rise edge)
                                                      3.500     3.500 r  
                                                      0.000     3.500 r  core_clk (IN)
                         net (fo=19552, unset)        2.631     6.131    u_book/bid_levels_reg_r2_640_703_49_55/WCLK
    SLICE_X83Y174        RAMD64E                                      r  u_book/bid_levels_reg_r2_640_703_49_55/RAMC/CLK
                         clock pessimism              0.171     6.302    
                         clock uncertainty           -0.035     6.267    
    SLICE_X83Y174        RAMD64E (Setup_C6LUT_SLICEM_CLK_WADR5)
                                                     -0.096     6.171    u_book/bid_levels_reg_r2_640_703_49_55/RAMC
  -------------------------------------------------------------------
                         required time                          6.171    
                         arrival time                          -6.137    
  -------------------------------------------------------------------
                         slack                                  0.034    

Slack (MET) :             0.034ns  (required time - arrival time)
  Source:                 u_book/curr_level_reg[5]_rep__20/C
                            (rising edge-triggered cell FDRE clocked by core_clk  {rise@0.000ns fall@1.750ns period=3.500ns})
  Destination:            u_book/bid_levels_reg_r2_640_703_49_55/RAMD/WADR5
                            (rising edge-triggered cell RAMD64E clocked by core_clk  {rise@0.000ns fall@1.750ns period=3.500ns})
  Path Group:             core_clk
  Path Type:              Setup (Max at Slow Process Corner)
  Requirement:            3.500ns  (core_clk rise@3.500ns - core_clk rise@0.000ns)
  Data Path Delay:        3.268ns  (logic 0.080ns (2.448%)  route 3.188ns (97.552%))
  Logic Levels:           0  
  Clock Path Skew:        -0.067ns (DCD - SCD + CPR)
    Destination Clock Delay (DCD):    2.631ns = ( 6.131 - 3.500 ) 
    Source Clock Delay      (SCD):    2.869ns
    Clock Pessimism Removal (CPR):    0.171ns
  Clock Uncertainty:      0.035ns  ((TSJ^2 + TIJ^2)^1/2 + DJ) / 2 + PE
    Total System Jitter     (TSJ):    0.071ns
    Total Input Jitter      (TIJ):    0.000ns
    Discrete Jitter          (DJ):    0.000ns
    Phase Error              (PE):    0.000ns

    Location             Delay type                Incr(ns)  Path(ns)    Netlist Resource(s)
  -------------------------------------------------------------------    -------------------
                         (clock core_clk rise edge)
                                                      0.000     0.000 r  
                                                      0.000     0.000 r  core_clk (IN)
                         net (fo=19552, unset)        2.869     2.869    u_book/core_clk
    SLICE_X75Y85         FDRE                                         r  u_book/curr_level_reg[5]_rep__20/C
  -------------------------------------------------------------------    -------------------
    SLICE_X75Y85         FDRE (Prop_HFF2_SLICEL_C_Q)
                                                      0.080     2.949 r  u_book/curr_level_reg[5]_rep__20/Q
                         net (fo=888, routed)         3.188     6.137    u_book/bid_levels_reg_r2_640_703_49_55/ADDRH5
    SLICE_X83Y174        RAMD64E                                      r  u_book/bid_levels_reg_r2_640_703_49_55/RAMD/WADR5
  -------------------------------------------------------------------    -------------------

                         (clock core_clk rise edge)
                                                      3.500     3.500 r  
                                                      0.000     3.500 r  core_clk (IN)
                         net (fo=19552, unset)        2.631     6.131    u_book/bid_levels_reg_r2_640_703_49_55/WCLK
    SLICE_X83Y174        RAMD64E                                      r  u_book/bid_levels_reg_r2_640_703_49_55/RAMD/CLK
                         clock pessimism              0.171     6.302    
                         clock uncertainty           -0.035     6.267    
    SLICE_X83Y174        RAMD64E (Setup_D6LUT_SLICEM_CLK_WADR5)
                                                     -0.096     6.171    u_book/bid_levels_reg_r2_640_703_49_55/RAMD
  -------------------------------------------------------------------
                         required time                          6.171    
                         arrival time                          -6.137    
  -------------------------------------------------------------------
                         slack                                  0.034    

Slack (MET) :             0.034ns  (required time - arrival time)
  Source:                 u_book/curr_level_reg[5]_rep__20/C
                            (rising edge-triggered cell FDRE clocked by core_clk  {rise@0.000ns fall@1.750ns period=3.500ns})
  Destination:            u_book/bid_levels_reg_r2_640_703_49_55/RAME/WADR5
                            (rising edge-triggered cell RAMD64E clocked by core_clk  {rise@0.000ns fall@1.750ns period=3.500ns})
  Path Group:             core_clk
  Path Type:              Setup (Max at Slow Process Corner)
  Requirement:            3.500ns  (core_clk rise@3.500ns - core_clk rise@0.000ns)
  Data Path Delay:        3.268ns  (logic 0.080ns (2.448%)  route 3.188ns (97.552%))
  Logic Levels:           0  
  Clock Path Skew:        -0.067ns (DCD - SCD + CPR)
    Destination Clock Delay (DCD):    2.631ns = ( 6.131 - 3.500 ) 
    Source Clock Delay      (SCD):    2.869ns
    Clock Pessimism Removal (CPR):    0.171ns
  Clock Uncertainty:      0.035ns  ((TSJ^2 + TIJ^2)^1/2 + DJ) / 2 + PE
    Total System Jitter     (TSJ):    0.071ns
    Total Input Jitter      (TIJ):    0.000ns
    Discrete Jitter          (DJ):    0.000ns
    Phase Error              (PE):    0.000ns

    Location             Delay type                Incr(ns)  Path(ns)    Netlist Resource(s)
  -------------------------------------------------------------------    -------------------
                         (clock core_clk rise edge)
                                                      0.000     0.000 r  
                                                      0.000     0.000 r  core_clk (IN)
                         net (fo=19552, unset)        2.869     2.869    u_book/core_clk
    SLICE_X75Y85         FDRE                                         r  u_book/curr_level_reg[5]_rep__20/C
  -------------------------------------------------------------------    -------------------
    SLICE_X75Y85         FDRE (Prop_HFF2_SLICEL_C_Q)
                                                      0.080     2.949 r  u_book/curr_level_reg[5]_rep__20/Q
                         net (fo=888, routed)         3.188     6.137    u_book/bid_levels_reg_r2_640_703_49_55/ADDRH5
    SLICE_X83Y174        RAMD64E                                      r  u_book/bid_levels_reg_r2_640_703_49_55/RAME/WADR5
  -------------------------------------------------------------------    -------------------

                         (clock core_clk rise edge)
                                                      3.500     3.500 r  
                                                      0.000     3.500 r  core_clk (IN)
                         net (fo=19552, unset)        2.631     6.131    u_book/bid_levels_reg_r2_640_703_49_55/WCLK
    SLICE_X83Y174        RAMD64E                                      r  u_book/bid_levels_reg_r2_640_703_49_55/RAME/CLK
                         clock pessimism              0.171     6.302    
                         clock uncertainty           -0.035     6.267    
    SLICE_X83Y174        RAMD64E (Setup_E6LUT_SLICEM_CLK_WADR5)
                                                     -0.096     6.171    u_book/bid_levels_reg_r2_640_703_49_55/RAME
  -------------------------------------------------------------------
                         required time                          6.171    
                         arrival time                          -6.137    
  -------------------------------------------------------------------
                         slack                                  0.034    

Slack (MET) :             0.034ns  (required time - arrival time)
  Source:                 u_book/curr_level_reg[5]_rep__20/C
                            (rising edge-triggered cell FDRE clocked by core_clk  {rise@0.000ns fall@1.750ns period=3.500ns})
  Destination:            u_book/bid_levels_reg_r2_640_703_49_55/RAMF/WADR5
                            (rising edge-triggered cell RAMD64E clocked by core_clk  {rise@0.000ns fall@1.750ns period=3.500ns})
  Path Group:             core_clk
  Path Type:              Setup (Max at Slow Process Corner)
  Requirement:            3.500ns  (core_clk rise@3.500ns - core_clk rise@0.000ns)
  Data Path Delay:        3.268ns  (logic 0.080ns (2.448%)  route 3.188ns (97.552%))
  Logic Levels:           0  
  Clock Path Skew:        -0.067ns (DCD - SCD + CPR)
    Destination Clock Delay (DCD):    2.631ns = ( 6.131 - 3.500 ) 
    Source Clock Delay      (SCD):    2.869ns
    Clock Pessimism Removal (CPR):    0.171ns
  Clock Uncertainty:      0.035ns  ((TSJ^2 + TIJ^2)^1/2 + DJ) / 2 + PE
    Total System Jitter     (TSJ):    0.071ns
    Total Input Jitter      (TIJ):    0.000ns
    Discrete Jitter          (DJ):    0.000ns
    Phase Error              (PE):    0.000ns

    Location             Delay type                Incr(ns)  Path(ns)    Netlist Resource(s)
  -------------------------------------------------------------------    -------------------
                         (clock core_clk rise edge)
                                                      0.000     0.000 r  
                                                      0.000     0.000 r  core_clk (IN)
                         net (fo=19552, unset)        2.869     2.869    u_book/core_clk
    SLICE_X75Y85         FDRE                                         r  u_book/curr_level_reg[5]_rep__20/C
  -------------------------------------------------------------------    -------------------
    SLICE_X75Y85         FDRE (Prop_HFF2_SLICEL_C_Q)
                                                      0.080     2.949 r  u_book/curr_level_reg[5]_rep__20/Q
                         net (fo=888, routed)         3.188     6.137    u_book/bid_levels_reg_r2_640_703_49_55/ADDRH5
    SLICE_X83Y174        RAMD64E                                      r  u_book/bid_levels_reg_r2_640_703_49_55/RAMF/WADR5
  -------------------------------------------------------------------    -------------------

                         (clock core_clk rise edge)
                                                      3.500     3.500 r  
                                                      0.000     3.500 r  core_clk (IN)
                         net (fo=19552, unset)        2.631     6.131    u_book/bid_levels_reg_r2_640_703_49_55/WCLK
    SLICE_X83Y174        RAMD64E                                      r  u_book/bid_levels_reg_r2_640_703_49_55/RAMF/CLK
                         clock pessimism              0.171     6.302    
                         clock uncertainty           -0.035     6.267    
    SLICE_X83Y174        RAMD64E (Setup_F6LUT_SLICEM_CLK_WADR5)
                                                     -0.096     6.171    u_book/bid_levels_reg_r2_640_703_49_55/RAMF
  -------------------------------------------------------------------
                         required time                          6.171    
                         arrival time                          -6.137    
  -------------------------------------------------------------------
                         slack                                  0.034    

Slack (MET) :             0.034ns  (required time - arrival time)
  Source:                 u_book/curr_level_reg[5]_rep__20/C
                            (rising edge-triggered cell FDRE clocked by core_clk  {rise@0.000ns fall@1.750ns period=3.500ns})
  Destination:            u_book/bid_levels_reg_r2_640_703_49_55/RAMG/WADR5
                            (rising edge-triggered cell RAMD64E clocked by core_clk  {rise@0.000ns fall@1.750ns period=3.500ns})
  Path Group:             core_clk
  Path Type:              Setup (Max at Slow Process Corner)
  Requirement:            3.500ns  (core_clk rise@3.500ns - core_clk rise@0.000ns)
  Data Path Delay:        3.268ns  (logic 0.080ns (2.448%)  route 3.188ns (97.552%))
  Logic Levels:           0  
  Clock Path Skew:        -0.067ns (DCD - SCD + CPR)
    Destination Clock Delay (DCD):    2.631ns = ( 6.131 - 3.500 ) 
    Source Clock Delay      (SCD):    2.869ns
    Clock Pessimism Removal (CPR):    0.171ns
  Clock Uncertainty:      0.035ns  ((TSJ^2 + TIJ^2)^1/2 + DJ) / 2 + PE
    Total System Jitter     (TSJ):    0.071ns
    Total Input Jitter      (TIJ):    0.000ns
    Discrete Jitter          (DJ):    0.000ns
    Phase Error              (PE):    0.000ns

    Location             Delay type                Incr(ns)  Path(ns)    Netlist Resource(s)
  -------------------------------------------------------------------    -------------------
                         (clock core_clk rise edge)
                                                      0.000     0.000 r  
                                                      0.000     0.000 r  core_clk (IN)
                         net (fo=19552, unset)        2.869     2.869    u_book/core_clk
    SLICE_X75Y85         FDRE                                         r  u_book/curr_level_reg[5]_rep__20/C
  -------------------------------------------------------------------    -------------------
    SLICE_X75Y85         FDRE (Prop_HFF2_SLICEL_C_Q)
                                                      0.080     2.949 r  u_book/curr_level_reg[5]_rep__20/Q
                         net (fo=888, routed)         3.188     6.137    u_book/bid_levels_reg_r2_640_703_49_55/ADDRH5
    SLICE_X83Y174        RAMD64E                                      r  u_book/bid_levels_reg_r2_640_703_49_55/RAMG/WADR5
  -------------------------------------------------------------------    -------------------

                         (clock core_clk rise edge)
                                                      3.500     3.500 r  
                                                      0.000     3.500 r  core_clk (IN)
                         net (fo=19552, unset)        2.631     6.131    u_book/bid_levels_reg_r2_640_703_49_55/WCLK
    SLICE_X83Y174        RAMD64E                                      r  u_book/bid_levels_reg_r2_640_703_49_55/RAMG/CLK
                         clock pessimism              0.171     6.302    
                         clock uncertainty           -0.035     6.267    
    SLICE_X83Y174        RAMD64E (Setup_G6LUT_SLICEM_CLK_WADR5)
                                                     -0.096     6.171    u_book/bid_levels_reg_r2_640_703_49_55/RAMG
  -------------------------------------------------------------------
                         required time                          6.171    
                         arrival time                          -6.137    
  -------------------------------------------------------------------
                         slack                                  0.034    

Slack (MET) :             0.034ns  (required time - arrival time)
  Source:                 u_book/curr_level_reg[5]_rep__20/C
                            (rising edge-triggered cell FDRE clocked by core_clk  {rise@0.000ns fall@1.750ns period=3.500ns})
  Destination:            u_book/bid_levels_reg_r2_640_703_49_55/RAMH/WADR5
                            (rising edge-triggered cell RAMD64E clocked by core_clk  {rise@0.000ns fall@1.750ns period=3.500ns})
  Path Group:             core_clk
  Path Type:              Setup (Max at Slow Process Corner)
  Requirement:            3.500ns  (core_clk rise@3.500ns - core_clk rise@0.000ns)
  Data Path Delay:        3.268ns  (logic 0.080ns (2.448%)  route 3.188ns (97.552%))
  Logic Levels:           0  
  Clock Path Skew:        -0.067ns (DCD - SCD + CPR)
    Destination Clock Delay (DCD):    2.631ns = ( 6.131 - 3.500 ) 
    Source Clock Delay      (SCD):    2.869ns
    Clock Pessimism Removal (CPR):    0.171ns
  Clock Uncertainty:      0.035ns  ((TSJ^2 + TIJ^2)^1/2 + DJ) / 2 + PE
    Total System Jitter     (TSJ):    0.071ns
    Total Input Jitter      (TIJ):    0.000ns
    Discrete Jitter          (DJ):    0.000ns
    Phase Error              (PE):    0.000ns

    Location             Delay type                Incr(ns)  Path(ns)    Netlist Resource(s)
  -------------------------------------------------------------------    -------------------
                         (clock core_clk rise edge)
                                                      0.000     0.000 r  
                                                      0.000     0.000 r  core_clk (IN)
                         net (fo=19552, unset)        2.869     2.869    u_book/core_clk
    SLICE_X75Y85         FDRE                                         r  u_book/curr_level_reg[5]_rep__20/C
  -------------------------------------------------------------------    -------------------
    SLICE_X75Y85         FDRE (Prop_HFF2_SLICEL_C_Q)
                                                      0.080     2.949 r  u_book/curr_level_reg[5]_rep__20/Q
                         net (fo=888, routed)         3.188     6.137    u_book/bid_levels_reg_r2_640_703_49_55/ADDRH5
    SLICE_X83Y174        RAMD64E                                      r  u_book/bid_levels_reg_r2_640_703_49_55/RAMH/WADR5
  -------------------------------------------------------------------    -------------------

                         (clock core_clk rise edge)
                                                      3.500     3.500 r  
                                                      0.000     3.500 r  core_clk (IN)
                         net (fo=19552, unset)        2.631     6.131    u_book/bid_levels_reg_r2_640_703_49_55/WCLK
    SLICE_X83Y174        RAMD64E                                      r  u_book/bid_levels_reg_r2_640_703_49_55/RAMH/CLK
                         clock pessimism              0.171     6.302    
                         clock uncertainty           -0.035     6.267    
    SLICE_X83Y174        RAMD64E (Setup_H6LUT_SLICEM_CLK_WADR5)
                                                     -0.096     6.171    u_book/bid_levels_reg_r2_640_703_49_55/RAMH
  -------------------------------------------------------------------
                         required time                          6.171    
                         arrival time                          -6.137    
  -------------------------------------------------------------------
                         slack                                  0.034    

Slack (MET) :             0.035ns  (required time - arrival time)
  Source:                 u_book/curr_level_reg[5]_rep__20/C
                            (rising edge-triggered cell FDRE clocked by core_clk  {rise@0.000ns fall@1.750ns period=3.500ns})
  Destination:            u_book/bid_levels_reg_r2_256_319_63_69/RAMA/WADR5
                            (rising edge-triggered cell RAMD64E clocked by core_clk  {rise@0.000ns fall@1.750ns period=3.500ns})
  Path Group:             core_clk
  Path Type:              Setup (Max at Slow Process Corner)
  Requirement:            3.500ns  (core_clk rise@3.500ns - core_clk rise@0.000ns)
  Data Path Delay:        3.263ns  (logic 0.080ns (2.451%)  route 3.183ns (97.549%))
  Logic Levels:           0  
  Clock Path Skew:        -0.070ns (DCD - SCD + CPR)
    Destination Clock Delay (DCD):    2.628ns = ( 6.128 - 3.500 ) 
    Source Clock Delay      (SCD):    2.869ns
    Clock Pessimism Removal (CPR):    0.171ns
  Clock Uncertainty:      0.035ns  ((TSJ^2 + TIJ^2)^1/2 + DJ) / 2 + PE
    Total System Jitter     (TSJ):    0.071ns
    Total Input Jitter      (TIJ):    0.000ns
    Discrete Jitter          (DJ):    0.000ns
    Phase Error              (PE):    0.000ns

    Location             Delay type                Incr(ns)  Path(ns)    Netlist Resource(s)
  -------------------------------------------------------------------    -------------------
                         (clock core_clk rise edge)
                                                      0.000     0.000 r  
                                                      0.000     0.000 r  core_clk (IN)
                         net (fo=19552, unset)        2.869     2.869    u_book/core_clk
    SLICE_X75Y85         FDRE                                         r  u_book/curr_level_reg[5]_rep__20/C
  -------------------------------------------------------------------    -------------------
    SLICE_X75Y85         FDRE (Prop_HFF2_SLICEL_C_Q)
                                                      0.080     2.949 r  u_book/curr_level_reg[5]_rep__20/Q
                         net (fo=888, routed)         3.183     6.132    u_book/bid_levels_reg_r2_256_319_63_69/ADDRH5
    SLICE_X86Y165        RAMD64E                                      r  u_book/bid_levels_reg_r2_256_319_63_69/RAMA/WADR5
  -------------------------------------------------------------------    -------------------

                         (clock core_clk rise edge)
                                                      3.500     3.500 r  
                                                      0.000     3.500 r  core_clk (IN)
                         net (fo=19552, unset)        2.628     6.128    u_book/bid_levels_reg_r2_256_319_63_69/WCLK
    SLICE_X86Y165        RAMD64E                                      r  u_book/bid_levels_reg_r2_256_319_63_69/RAMA/CLK
                         clock pessimism              0.171     6.299    
                         clock uncertainty           -0.035     6.264    
    SLICE_X86Y165        RAMD64E (Setup_A6LUT_SLICEM_CLK_WADR5)
                                                     -0.096     6.168    u_book/bid_levels_reg_r2_256_319_63_69/RAMA
  -------------------------------------------------------------------
                         required time                          6.168    
                         arrival time                          -6.132    
  -------------------------------------------------------------------
                         slack                                  0.035    

Slack (MET) :             0.035ns  (required time - arrival time)
  Source:                 u_book/curr_level_reg[5]_rep__20/C
                            (rising edge-triggered cell FDRE clocked by core_clk  {rise@0.000ns fall@1.750ns period=3.500ns})
  Destination:            u_book/bid_levels_reg_r2_256_319_63_69/RAMB/WADR5
                            (rising edge-triggered cell RAMD64E clocked by core_clk  {rise@0.000ns fall@1.750ns period=3.500ns})
  Path Group:             core_clk
  Path Type:              Setup (Max at Slow Process Corner)
  Requirement:            3.500ns  (core_clk rise@3.500ns - core_clk rise@0.000ns)
  Data Path Delay:        3.263ns  (logic 0.080ns (2.451%)  route 3.183ns (97.549%))
  Logic Levels:           0  
  Clock Path Skew:        -0.070ns (DCD - SCD + CPR)
    Destination Clock Delay (DCD):    2.628ns = ( 6.128 - 3.500 ) 
    Source Clock Delay      (SCD):    2.869ns
    Clock Pessimism Removal (CPR):    0.171ns
  Clock Uncertainty:      0.035ns  ((TSJ^2 + TIJ^2)^1/2 + DJ) / 2 + PE
    Total System Jitter     (TSJ):    0.071ns
    Total Input Jitter      (TIJ):    0.000ns
    Discrete Jitter          (DJ):    0.000ns
    Phase Error              (PE):    0.000ns

    Location             Delay type                Incr(ns)  Path(ns)    Netlist Resource(s)
  -------------------------------------------------------------------    -------------------
                         (clock core_clk rise edge)
                                                      0.000     0.000 r  
                                                      0.000     0.000 r  core_clk (IN)
                         net (fo=19552, unset)        2.869     2.869    u_book/core_clk
    SLICE_X75Y85         FDRE                                         r  u_book/curr_level_reg[5]_rep__20/C
  -------------------------------------------------------------------    -------------------
    SLICE_X75Y85         FDRE (Prop_HFF2_SLICEL_C_Q)
                                                      0.080     2.949 r  u_book/curr_level_reg[5]_rep__20/Q
                         net (fo=888, routed)         3.183     6.132    u_book/bid_levels_reg_r2_256_319_63_69/ADDRH5
    SLICE_X86Y165        RAMD64E                                      r  u_book/bid_levels_reg_r2_256_319_63_69/RAMB/WADR5
  -------------------------------------------------------------------    -------------------

                         (clock core_clk rise edge)
                                                      3.500     3.500 r  
                                                      0.000     3.500 r  core_clk (IN)
                         net (fo=19552, unset)        2.628     6.128    u_book/bid_levels_reg_r2_256_319_63_69/WCLK
    SLICE_X86Y165        RAMD64E                                      r  u_book/bid_levels_reg_r2_256_319_63_69/RAMB/CLK
                         clock pessimism              0.171     6.299    
                         clock uncertainty           -0.035     6.264    
    SLICE_X86Y165        RAMD64E (Setup_B6LUT_SLICEM_CLK_WADR5)
                                                     -0.096     6.168    u_book/bid_levels_reg_r2_256_319_63_69/RAMB
  -------------------------------------------------------------------
                         required time                          6.168    
                         arrival time                          -6.132    
  -------------------------------------------------------------------
                         slack                                  0.035    




