Copyright 1986-2022 Xilinx, Inc. All Rights Reserved. Copyright 2022-2024 Advanced Micro Devices, Inc. All Rights Reserved.
--------------------------------------------------------------------------------------------------------------------------------------------------
| Tool Version      : Vivado v.2024.1 (lin64) Build 5076996 Wed May 22 18:36:09 MDT 2024
| Date              : Thu Aug 20 15:33:40 2026
| Host              : ece006.ece.local.cmu.edu running 64-bit Red Hat Enterprise Linux release 8.10 (Ootpa)
| Command           : report_timing_summary -file ./fpga/results/timing_synth.rpt
| Design            : tick2trade_top
| Device            : xczu7ev-ffvc1156
| Speed File        : -2  PRODUCTION 1.30 05-15-2022
| Design State      : Synthesized
| Temperature Grade : E
--------------------------------------------------------------------------------------------------------------------------------------------------

Timing Summary Report

------------------------------------------------------------------------------------------------
| Timer Settings
| --------------
------------------------------------------------------------------------------------------------

  Enable Multi Corner Analysis               :  Yes
  Enable Pessimism Removal                   :  Yes
  Pessimism Removal Resolution               :  Nearest Common Node
  Enable Input Delay Default Clock           :  No
  Enable Preset / Clear Arcs                 :  No
  Disable Flight Delays                      :  No
  Ignore I/O Paths                           :  No
  Timing Early Launch at Borrowing Latches   :  No
  Borrow Time for Max Delay Exceptions       :  Yes
  Merge Timing Exceptions                    :  Yes
  Inter-SLR Compensation                     :  Conservative

  Corner  Analyze    Analyze    
  Name    Max Paths  Min Paths  
  ------  ---------  ---------  
  Slow    Yes        Yes        
  Fast    Yes        Yes        


------------------------------------------------------------------------------------------------
| Report Methodology
| ------------------
------------------------------------------------------------------------------------------------

No report available as report_methodology has not been run prior. Run report_methodology on the current design for the summary of methodology violations.



check_timing report

Table of Contents
-----------------
1. checking no_clock (0)
2. checking constant_clock (0)
3. checking pulse_width_clock (0)
4. checking unconstrained_internal_endpoints (0)
5. checking no_input_delay (142)
6. checking no_output_delay (485)
7. checking multiple_clock (0)
8. checking generated_clocks (0)
9. checking loops (0)
10. checking partial_input_delay (0)
11. checking partial_output_delay (0)
12. checking latch_loops (0)

1. checking no_clock (0)
------------------------
 There are 0 register/latch pins with no clock.


2. checking constant_clock (0)
------------------------------
 There are 0 register/latch pins with constant_clock.


3. checking pulse_width_clock (0)
---------------------------------
 There are 0 register/latch pins which need pulse_width check


4. checking unconstrained_internal_endpoints (0)
------------------------------------------------
 There are 0 pins that are not constrained for maximum delay.

 There are 0 pins that are not constrained for maximum delay due to constant clock.


5. checking no_input_delay (142)
--------------------------------
 There are 142 input ports with no input delay specified. (HIGH)

 There are 0 input ports with no input delay but user has a false path constraint.


6. checking no_output_delay (485)
---------------------------------
 There are 485 ports with no output delay specified. (HIGH)

 There are 0 ports with no output delay but user has a false path constraint

 There are 0 ports with no output delay but with a timing clock defined on it or propagating through it


7. checking multiple_clock (0)
------------------------------
 There are 0 register/latch pins with multiple clocks.


8. checking generated_clocks (0)
--------------------------------
 There are 0 generated clocks that are not connected to a clock source.


9. checking loops (0)
---------------------
 There are 0 combinational loops in the design.


10. checking partial_input_delay (0)
------------------------------------
 There are 0 input ports with partial input delay specified.


11. checking partial_output_delay (0)
-------------------------------------
 There are 0 ports with partial output delay specified.


12. checking latch_loops (0)
----------------------------
 There are 0 combinational latch loops in the design through latch input



------------------------------------------------------------------------------------------------
| Design Timing Summary
| ---------------------
------------------------------------------------------------------------------------------------

    WNS(ns)      TNS(ns)  TNS Failing Endpoints  TNS Total Endpoints      WHS(ns)      THS(ns)  THS Failing Endpoints  THS Total Endpoints     WPWS(ns)     TPWS(ns)  TPWS Failing Endpoints  TPWS Total Endpoints  
    -------      -------  ---------------------  -------------------      -------      -------  ---------------------  -------------------     --------     --------  ----------------------  --------------------  
      7.336        0.000                      0               172598        0.024        0.000                      0               172598        4.468        0.000                       0                 19100  


All user specified timing constraints are met.


------------------------------------------------------------------------------------------------
| Clock Summary
| -------------
------------------------------------------------------------------------------------------------

Clock     Waveform(ns)       Period(ns)      Frequency(MHz)
-----     ------------       ----------      --------------
core_clk  {0.000 5.000}      10.000          100.000         
dma_clk   {0.000 5.000}      10.000          100.000         


------------------------------------------------------------------------------------------------
| Intra Clock Table
| -----------------
------------------------------------------------------------------------------------------------

Clock             WNS(ns)      TNS(ns)  TNS Failing Endpoints  TNS Total Endpoints      WHS(ns)      THS(ns)  THS Failing Endpoints  THS Total Endpoints     WPWS(ns)     TPWS(ns)  TPWS Failing Endpoints  TPWS Total Endpoints  
-----             -------      -------  ---------------------  -------------------      -------      -------  ---------------------  -------------------     --------     --------  ----------------------  --------------------  
core_clk            7.336        0.000                      0               172504        0.031        0.000                      0               172504        4.468        0.000                       0                 19065  
dma_clk             8.940        0.000                      0                   94        0.024        0.000                      0                   94        4.468        0.000                       0                    35  


------------------------------------------------------------------------------------------------
| Inter Clock Table
| -----------------
------------------------------------------------------------------------------------------------

From Clock    To Clock          WNS(ns)      TNS(ns)  TNS Failing Endpoints  TNS Total Endpoints      WHS(ns)      THS(ns)  THS Failing Endpoints  THS Total Endpoints  
----------    --------          -------      -------  ---------------------  -------------------      -------      -------  ---------------------  -------------------  


------------------------------------------------------------------------------------------------
| Other Path Groups Table
| -----------------------
------------------------------------------------------------------------------------------------

Path Group    From Clock    To Clock          WNS(ns)      TNS(ns)  TNS Failing Endpoints  TNS Total Endpoints      WHS(ns)      THS(ns)  THS Failing Endpoints  THS Total Endpoints  
----------    ----------    --------          -------      -------  ---------------------  -------------------      -------      -------  ---------------------  -------------------  


------------------------------------------------------------------------------------------------
| Timing Details
| --------------
------------------------------------------------------------------------------------------------


---------------------------------------------------------------------------------------------------
From Clock:  core_clk
  To Clock:  core_clk

Setup :            0  Failing Endpoints,  Worst Slack        7.336ns,  Total Violation        0.000ns
Hold  :            0  Failing Endpoints,  Worst Slack        0.031ns,  Total Violation        0.000ns
PW    :            0  Failing Endpoints,  Worst Slack        4.468ns,  Total Violation        0.000ns
---------------------------------------------------------------------------------------------------


Max Delay Paths
--------------------------------------------------------------------------------------
Slack (MET) :             7.336ns  (required time - arrival time)
  Source:                 u_book/rescan_index_reg_rep_rep[1]__0/C
                            (rising edge-triggered cell FDRE clocked by core_clk  {rise@0.000ns fall@5.000ns period=10.000ns})
  Destination:            u_book/rescan_best_price_reg[0]/S
                            (rising edge-triggered cell FDSE clocked by core_clk  {rise@0.000ns fall@5.000ns period=10.000ns})
  Path Group:             core_clk
  Path Type:              Setup (Max at Slow Process Corner)
  Requirement:            10.000ns  (core_clk rise@10.000ns - core_clk rise@0.000ns)
  Data Path Delay:        2.546ns  (logic 0.877ns (34.446%)  route 1.669ns (65.554%))
  Logic Levels:           11  (CARRY8=2 LUT4=2 LUT5=2 LUT6=2 MUXF7=1 MUXF8=1 RAMD64E=1)
  Clock Path Skew:        -0.009ns (DCD - SCD + CPR)
    Destination Clock Delay (DCD):    0.021ns = ( 10.021 - 10.000 ) 
    Source Clock Delay      (SCD):    0.030ns
    Clock Pessimism Removal (CPR):    0.000ns
  Clock Uncertainty:      0.035ns  ((TSJ^2 + TIJ^2)^1/2 + DJ) / 2 + PE
    Total System Jitter     (TSJ):    0.071ns
    Total Input Jitter      (TIJ):    0.000ns
    Discrete Jitter          (DJ):    0.000ns
    Phase Error              (PE):    0.000ns

    Location             Delay type                Incr(ns)  Path(ns)    Netlist Resource(s)
  -------------------------------------------------------------------    -------------------
                         (clock core_clk rise edge)
                                                      0.000     0.000 r  
                                                      0.000     0.000 r  core_clk (IN)
                         net (fo=19064, unset)        0.030     0.030    u_book/core_clk
                         FDRE                                         r  u_book/rescan_index_reg_rep_rep[1]__0/C
  -------------------------------------------------------------------    -------------------
                         FDRE (Prop_FDRE_C_Q)         0.077     0.107 r  u_book/rescan_index_reg_rep_rep[1]__0/Q
                         net (fo=112, unplaced)       0.237     0.344    u_book/ask_levels_reg_r2_192_255_0_6/ADDRB1
                         RAMD64E (Prop_RAMD64E_RADR1_O)
                                                      0.125     0.469 r  u_book/ask_levels_reg_r2_192_255_0_6/RAMB/O
                         net (fo=1, unplaced)         0.107     0.576    u_book/ask_levels_reg_r2_192_255_0_6_n_1
                         LUT6 (Prop_LUT6_I0_O)        0.145     0.721 r  u_book/rescan_best_price[1]_i_12/O
                         net (fo=1, unplaced)         0.032     0.753    u_book/rescan_best_price[1]_i_12_n_0
                         MUXF7 (Prop_MUXF7_I0_O)      0.069     0.822 r  u_book/rescan_best_price_reg[1]_i_10/O
                         net (fo=1, unplaced)         0.000     0.822    u_book/rescan_best_price_reg[1]_i_10_n_0
                         MUXF8 (Prop_MUXF8_I0_O)      0.030     0.852 r  u_book/rescan_best_price_reg[1]_i_5/O
                         net (fo=1, unplaced)         0.186     1.038    u_book/rescan_best_price_reg[1]_i_5_n_0
                         LUT5 (Prop_LUT5_I4_O)        0.038     1.076 r  u_book/rescan_best_price[1]_i_2/O
                         net (fo=5, unplaced)         0.204     1.280    u_book/rescan_level[price][1]
                         LUT4 (Prop_LUT4_I2_O)        0.070     1.350 r  u_book/rescan_best_price[31]_i_78/O
                         net (fo=1, unplaced)         0.260     1.610    u_book/rescan_best_price[31]_i_78_n_0
                         CARRY8 (Prop_CARRY8_DI[0]_CO[7])
                                                      0.140     1.750 r  u_book/rescan_best_price_reg[31]_i_27/CO[7]
                         net (fo=1, unplaced)         0.005     1.755    u_book/rescan_best_price_reg[31]_i_27_n_0
                         CARRY8 (Prop_CARRY8_CI_CO[7])
                                                      0.022     1.777 r  u_book/rescan_best_price_reg[31]_i_12/CO[7]
                         net (fo=1, unplaced)         0.020     1.797    u_book/rescan_best_shares118_in
                         LUT6 (Prop_LUT6_I0_O)        0.053     1.850 r  u_book/rescan_best_price[31]_i_6/O
                         net (fo=2, unplaced)         0.186     2.036    u_book/rescan_best_price[31]_i_6_n_0
                         LUT4 (Prop_LUT4_I3_O)        0.070     2.106 r  u_book/rescan_best_price[31]_i_5/O
                         net (fo=1, unplaced)         0.186     2.292    u_book/rescan_best_price[31]_i_5_n_0
                         LUT5 (Prop_LUT5_I3_O)        0.038     2.330 r  u_book/rescan_best_price[31]_i_1/O
                         net (fo=32, unplaced)        0.246     2.576    u_book/rescan_best_price[31]_i_1_n_0
                         FDSE                                         r  u_book/rescan_best_price_reg[0]/S
  -------------------------------------------------------------------    -------------------

                         (clock core_clk rise edge)
                                                     10.000    10.000 r  
                                                      0.000    10.000 r  core_clk (IN)
                         net (fo=19064, unset)        0.021    10.021    u_book/core_clk
                         FDSE                                         r  u_book/rescan_best_price_reg[0]/C
                         clock pessimism              0.000    10.021    
                         clock uncertainty           -0.035     9.986    
                         FDSE (Setup_FDSE_C_S)       -0.074     9.912    u_book/rescan_best_price_reg[0]
  -------------------------------------------------------------------
                         required time                          9.912    
                         arrival time                          -2.576    
  -------------------------------------------------------------------
                         slack                                  7.336    





Min Delay Paths
--------------------------------------------------------------------------------------
Slack (MET) :             0.031ns  (arrival time - required time)
  Source:                 u_book/curr_bucket_reg[2]_rep__34/C
                            (rising edge-triggered cell FDRE clocked by core_clk  {rise@0.000ns fall@5.000ns period=10.000ns})
  Destination:            u_book/book_mem_reg_0_511_480_480/RAMS64E1_A/ADR2
                            (rising edge-triggered cell RAMS64E1 clocked by core_clk  {rise@0.000ns fall@5.000ns period=10.000ns})
  Path Group:             core_clk
  Path Type:              Hold (Min at Fast Process Corner)
  Requirement:            0.000ns  (core_clk rise@0.000ns - core_clk rise@0.000ns)
  Data Path Delay:        0.119ns  (logic 0.038ns (31.933%)  route 0.081ns (68.067%))
  Logic Levels:           0  
  Clock Path Skew:        0.026ns (DCD - SCD - CPR)
    Destination Clock Delay (DCD):    0.039ns
    Source Clock Delay      (SCD):    0.013ns
    Clock Pessimism Removal (CPR):    -0.000ns

    Location             Delay type                Incr(ns)  Path(ns)    Netlist Resource(s)
  -------------------------------------------------------------------    -------------------
                         (clock core_clk rise edge)
                                                      0.000     0.000 r  
                                                      0.000     0.000 r  core_clk (IN)
                         net (fo=19064, unset)        0.013     0.013    u_book/core_clk
                         FDRE                                         r  u_book/curr_bucket_reg[2]_rep__34/C
  -------------------------------------------------------------------    -------------------
                         FDRE (Prop_FDRE_C_Q)         0.038     0.051 r  u_book/curr_bucket_reg[2]_rep__34/Q
                         net (fo=40, unplaced)        0.081     0.132    u_book/book_mem_reg_0_511_480_480/A2
                         RAMS64E1                                     r  u_book/book_mem_reg_0_511_480_480/RAMS64E1_A/ADR2
  -------------------------------------------------------------------    -------------------

                         (clock core_clk rise edge)
                                                      0.000     0.000 r  
                                                      0.000     0.000 r  core_clk (IN)
                         net (fo=19064, unset)        0.039     0.039    u_book/book_mem_reg_0_511_480_480/WCLK
                         RAMS64E1                                     r  u_book/book_mem_reg_0_511_480_480/RAMS64E1_A/CLK
                         clock pessimism              0.000     0.039    
                         RAMS64E1 (Hold_RAMS64E1_CLK_ADR2)
                                                      0.062     0.101    u_book/book_mem_reg_0_511_480_480/RAMS64E1_A
  -------------------------------------------------------------------
                         required time                         -0.101    
                         arrival time                           0.132    
  -------------------------------------------------------------------
                         slack                                  0.031    





Pulse Width Checks
--------------------------------------------------------------------------------------
Clock Name:         core_clk
Waveform(ns):       { 0.000 5.000 }
Period(ns):         10.000
Sources:            { core_clk }

Check Type        Corner  Lib Pin      Reference Pin  Required(ns)  Actual(ns)  Slack(ns)  Location  Pin
Min Period        n/a     RAMD64E/CLK  n/a            1.064         10.000      8.936                u_book/ask_levels_reg_0_255_0_0/DP.A/CLK
Low Pulse Width   Slow    RAMD64E/CLK  n/a            0.532         5.000       4.468                u_book/ask_levels_reg_0_255_0_0/DP.A/CLK
High Pulse Width  Slow    RAMD64E/CLK  n/a            0.532         5.000       4.468                u_book/ask_levels_reg_0_255_0_0/DP.A/CLK



---------------------------------------------------------------------------------------------------
From Clock:  dma_clk
  To Clock:  dma_clk

Setup :            0  Failing Endpoints,  Worst Slack        8.940ns,  Total Violation        0.000ns
Hold  :            0  Failing Endpoints,  Worst Slack        0.024ns,  Total Violation        0.000ns
PW    :            0  Failing Endpoints,  Worst Slack        4.468ns,  Total Violation        0.000ns
---------------------------------------------------------------------------------------------------


Max Delay Paths
--------------------------------------------------------------------------------------
Slack (MET) :             8.940ns  (required time - arrival time)
  Source:                 u_fifo/w_ptr_gray_reg[4]/C
                            (rising edge-triggered cell FDRE clocked by dma_clk  {rise@0.000ns fall@5.000ns period=10.000ns})
  Destination:            u_fifo/mem_reg_0_15_0_8/RAMA/WE
                            (rising edge-triggered cell RAMD32 clocked by dma_clk  {rise@0.000ns fall@5.000ns period=10.000ns})
  Path Group:             dma_clk
  Path Type:              Setup (Max at Slow Process Corner)
  Requirement:            10.000ns  (dma_clk rise@10.000ns - dma_clk rise@0.000ns)
  Data Path Delay:        0.858ns  (logic 0.265ns (30.886%)  route 0.593ns (69.114%))
  Logic Levels:           2  (LUT6=2)
  Clock Path Skew:        0.013ns (DCD - SCD + CPR)
    Destination Clock Delay (DCD):    0.043ns = ( 10.043 - 10.000 ) 
    Source Clock Delay      (SCD):    0.030ns
    Clock Pessimism Removal (CPR):    0.000ns
  Clock Uncertainty:      0.035ns  ((TSJ^2 + TIJ^2)^1/2 + DJ) / 2 + PE
    Total System Jitter     (TSJ):    0.071ns
    Total Input Jitter      (TIJ):    0.000ns
    Discrete Jitter          (DJ):    0.000ns
    Phase Error              (PE):    0.000ns

    Location             Delay type                Incr(ns)  Path(ns)    Netlist Resource(s)
  -------------------------------------------------------------------    -------------------
                         (clock dma_clk rise edge)    0.000     0.000 r  
                                                      0.000     0.000 r  dma_clk (IN)
                         net (fo=34, unset)           0.030     0.030    u_fifo/dma_clk
                         FDRE                                         r  u_fifo/w_ptr_gray_reg[4]/C
  -------------------------------------------------------------------    -------------------
                         FDRE (Prop_FDRE_C_Q)         0.077     0.107 r  u_fifo/w_ptr_gray_reg[4]/Q
                         net (fo=4, unplaced)         0.166     0.273    u_fifo/w_ptr_gray[4]
                         LUT6 (Prop_LUT6_I0_O)        0.150     0.423 r  u_fifo/s_axis_tready_INST_0_i_1/O
                         net (fo=3, unplaced)         0.192     0.615    u_fifo/s_axis_tready_INST_0_i_1_n_0
                         LUT6 (Prop_LUT6_I0_O)        0.038     0.653 r  u_fifo/mem_reg_0_15_0_8_i_1/O
                         net (fo=16, unplaced)        0.235     0.888    u_fifo/mem_reg_0_15_0_8/WE
                         RAMD32                                       r  u_fifo/mem_reg_0_15_0_8/RAMA/WE
  -------------------------------------------------------------------    -------------------

                         (clock dma_clk rise edge)   10.000    10.000 r  
                                                      0.000    10.000 r  dma_clk (IN)
                         net (fo=34, unset)           0.043    10.043    u_fifo/mem_reg_0_15_0_8/WCLK
                         RAMD32                                       r  u_fifo/mem_reg_0_15_0_8/RAMA/CLK
                         clock pessimism              0.000    10.043    
                         clock uncertainty           -0.035    10.008    
                         RAMD32 (Setup_RAMD32_CLK_WE)
                                                     -0.180     9.828    u_fifo/mem_reg_0_15_0_8/RAMA
  -------------------------------------------------------------------
                         required time                          9.828    
                         arrival time                          -0.888    
  -------------------------------------------------------------------
                         slack                                  8.940    





Min Delay Paths
--------------------------------------------------------------------------------------
Slack (MET) :             0.024ns  (arrival time - required time)
  Source:                 u_fifo/w_ptr_bnry_reg[2]/C
                            (rising edge-triggered cell FDRE clocked by dma_clk  {rise@0.000ns fall@5.000ns period=10.000ns})
  Destination:            u_fifo/mem_reg_0_15_0_8/RAMA/WADR2
                            (rising edge-triggered cell RAMD32 clocked by dma_clk  {rise@0.000ns fall@5.000ns period=10.000ns})
  Path Group:             dma_clk
  Path Type:              Hold (Min at Fast Process Corner)
  Requirement:            0.000ns  (dma_clk rise@0.000ns - dma_clk rise@0.000ns)
  Data Path Delay:        0.112ns  (logic 0.038ns (33.929%)  route 0.074ns (66.071%))
  Logic Levels:           0  
  Clock Path Skew:        0.026ns (DCD - SCD - CPR)
    Destination Clock Delay (DCD):    0.039ns
    Source Clock Delay      (SCD):    0.013ns
    Clock Pessimism Removal (CPR):    -0.000ns

    Location             Delay type                Incr(ns)  Path(ns)    Netlist Resource(s)
  -------------------------------------------------------------------    -------------------
                         (clock dma_clk rise edge)    0.000     0.000 r  
                                                      0.000     0.000 r  dma_clk (IN)
                         net (fo=34, unset)           0.013     0.013    u_fifo/dma_clk
                         FDRE                                         r  u_fifo/w_ptr_bnry_reg[2]/C
  -------------------------------------------------------------------    -------------------
                         FDRE (Prop_FDRE_C_Q)         0.038     0.051 r  u_fifo/w_ptr_bnry_reg[2]/Q
                         net (fo=22, unplaced)        0.074     0.125    u_fifo/mem_reg_0_15_0_8/ADDRH2
                         RAMD32                                       r  u_fifo/mem_reg_0_15_0_8/RAMA/WADR2
  -------------------------------------------------------------------    -------------------

                         (clock dma_clk rise edge)    0.000     0.000 r  
                                                      0.000     0.000 r  dma_clk (IN)
                         net (fo=34, unset)           0.039     0.039    u_fifo/mem_reg_0_15_0_8/WCLK
                         RAMD32                                       r  u_fifo/mem_reg_0_15_0_8/RAMA/CLK
                         clock pessimism              0.000     0.039    
                         RAMD32 (Hold_RAMD32_CLK_WADR2)
                                                      0.062     0.101    u_fifo/mem_reg_0_15_0_8/RAMA
  -------------------------------------------------------------------
                         required time                         -0.101    
                         arrival time                           0.125    
  -------------------------------------------------------------------
                         slack                                  0.024    





Pulse Width Checks
--------------------------------------------------------------------------------------
Clock Name:         dma_clk
Waveform(ns):       { 0.000 5.000 }
Period(ns):         10.000
Sources:            { dma_clk }

Check Type        Corner  Lib Pin     Reference Pin  Required(ns)  Actual(ns)  Slack(ns)  Location  Pin
Min Period        n/a     RAMD32/CLK  n/a            1.064         10.000      8.936                u_fifo/mem_reg_0_15_0_8/RAMA/CLK
Low Pulse Width   Slow    RAMD32/CLK  n/a            0.532         5.000       4.468                u_fifo/mem_reg_0_15_0_8/RAMA/CLK
High Pulse Width  Slow    RAMD32/CLK  n/a            0.532         5.000       4.468                u_fifo/mem_reg_0_15_0_8/RAMA/CLK



