Copyright 1986-2022 Xilinx, Inc. All Rights Reserved. Copyright 2022-2024 Advanced Micro Devices, Inc. All Rights Reserved.
---------------------------------------------------------------------------------------------------------------------------------------------
| Tool Version : Vivado v.2024.1 (lin64) Build 5076996 Wed May 22 18:36:09 MDT 2024
| Date         : Wed Aug 26 20:57:09 2026
| Host         : ece006.ece.local.cmu.edu running 64-bit Red Hat Enterprise Linux release 8.10 (Ootpa)
| Command      : report_utilization -file tick2trade_bd_wrapper_utilization_placed.rpt -pb tick2trade_bd_wrapper_utilization_placed.pb
| Design       : tick2trade_bd_wrapper
| Device       : xczu7ev-ffvc1156-2-e
| Speed File   : -2
| Design State : Fully Placed
---------------------------------------------------------------------------------------------------------------------------------------------

Utilization Design Information

Table of Contents
-----------------
1. CLB Logic
1.1 Summary of Registers by Type
2. CLB Logic Distribution
3. BLOCKRAM
4. ARITHMETIC
5. I/O
6. CLOCK
7. ADVANCED
8. CONFIGURATION
9. Primitives
10. Black Boxes
11. Instantiated Netlists

1. CLB Logic
------------

+----------------------------+-------+-------+------------+-----------+-------+
|          Site Type         |  Used | Fixed | Prohibited | Available | Util% |
+----------------------------+-------+-------+------------+-----------+-------+
| CLB LUTs                   | 21534 |     0 |          0 |    230400 |  9.35 |
|   LUT as Logic             |  4886 |     0 |          0 |    230400 |  2.12 |
|   LUT as Memory            | 16648 |     0 |          0 |    101760 | 16.36 |
|     LUT as Distributed RAM | 16520 |     0 |            |           |       |
|     LUT as Shift Register  |   128 |     0 |            |           |       |
| CLB Registers              |  5070 |     0 |          0 |    460800 |  1.10 |
|   Register as Flip Flop    |  5070 |     0 |          0 |    460800 |  1.10 |
|   Register as Latch        |     0 |     0 |          0 |    460800 |  0.00 |
| CARRY8                     |   117 |     0 |          0 |     28800 |  0.41 |
| F7 Muxes                   |  7341 |     0 |          0 |    115200 |  6.37 |
| F8 Muxes                   |  3573 |     0 |          0 |     57600 |  6.20 |
| F9 Muxes                   |  1040 |     0 |          0 |     28800 |  3.61 |
+----------------------------+-------+-------+------------+-----------+-------+
* Warning! LUT value is adjusted to account for LUT combining.


1.1 Summary of Registers by Type
--------------------------------

+-------+--------------+-------------+--------------+
| Total | Clock Enable | Synchronous | Asynchronous |
+-------+--------------+-------------+--------------+
| 0     |            _ |           - |            - |
| 0     |            _ |           - |          Set |
| 0     |            _ |           - |        Reset |
| 0     |            _ |         Set |            - |
| 0     |            _ |       Reset |            - |
| 0     |          Yes |           - |            - |
| 0     |          Yes |           - |          Set |
| 0     |          Yes |           - |        Reset |
| 151   |          Yes |         Set |            - |
| 4919  |          Yes |       Reset |            - |
+-------+--------------+-------------+--------------+


2. CLB Logic Distribution
-------------------------

+--------------------------------------------+-------+-------+------------+-----------+-------+
|                  Site Type                 |  Used | Fixed | Prohibited | Available | Util% |
+--------------------------------------------+-------+-------+------------+-----------+-------+
| CLB                                        |  3596 |     0 |          0 |     28800 | 12.49 |
|   CLBL                                     |  1158 |     0 |            |           |       |
|   CLBM                                     |  2438 |     0 |            |           |       |
| LUT as Logic                               |  4886 |     0 |          0 |    230400 |  2.12 |
|   using O5 output only                     |    93 |       |            |           |       |
|   using O6 output only                     |  3378 |       |            |           |       |
|   using O5 and O6                          |  1415 |       |            |           |       |
| LUT as Memory                              | 16648 |     0 |          0 |    101760 | 16.36 |
|   LUT as Distributed RAM                   | 16520 |     0 |            |           |       |
|     using O5 output only                   |     0 |       |            |           |       |
|     using O6 output only                   | 16512 |       |            |           |       |
|     using O5 and O6                        |     8 |       |            |           |       |
|   LUT as Shift Register                    |   128 |     0 |            |           |       |
|     using O5 output only                   |     0 |       |            |           |       |
|     using O6 output only                   |    96 |       |            |           |       |
|     using O5 and O6                        |    32 |       |            |           |       |
| CLB Registers                              |  5070 |     0 |          0 |    460800 |  1.10 |
|   Register driven from within the CLB      |  2772 |       |            |           |       |
|   Register driven from outside the CLB     |  2298 |       |            |           |       |
|     LUT in front of the register is unused |  1879 |       |            |           |       |
|     LUT in front of the register is used   |   419 |       |            |           |       |
| Unique Control Sets                        |   260 |       |          0 |     57600 |  0.45 |
+--------------------------------------------+-------+-------+------------+-----------+-------+
* * Note: Available Control Sets calculated as Slices * 2, Review the Control Sets Report for more information regarding control sets.


3. BLOCKRAM
-----------

+-------------------+------+-------+------------+-----------+-------+
|     Site Type     | Used | Fixed | Prohibited | Available | Util% |
+-------------------+------+-------+------------+-----------+-------+
| Block RAM Tile    |    1 |     0 |          0 |       312 |  0.32 |
|   RAMB36/FIFO*    |    1 |     0 |          0 |       312 |  0.32 |
|     RAMB36E2 only |    1 |       |            |           |       |
|   RAMB18          |    0 |     0 |          0 |       624 |  0.00 |
| URAM              |    0 |     0 |          0 |        96 |  0.00 |
+-------------------+------+-------+------------+-----------+-------+
* Note: Each Block RAM Tile only has one FIFO logic available and therefore can accommodate only one FIFO36E2 or one FIFO18E2. However, if a FIFO18E2 occupies a Block RAM Tile, that tile can still accommodate a RAMB18E2


4. ARITHMETIC
-------------

+-----------+------+-------+------------+-----------+-------+
| Site Type | Used | Fixed | Prohibited | Available | Util% |
+-----------+------+-------+------------+-----------+-------+
| DSPs      |    0 |     0 |          0 |      1728 |  0.00 |
+-----------+------+-------+------------+-----------+-------+


5. I/O
------

+------------------+------+-------+------------+-----------+-------+
|     Site Type    | Used | Fixed | Prohibited | Available | Util% |
+------------------+------+-------+------------+-----------+-------+
| Bonded IOB       |    0 |     0 |          0 |       360 |  0.00 |
| HPIOB_M          |    0 |     0 |          0 |       144 |  0.00 |
| HPIOB_S          |    0 |     0 |          0 |       144 |  0.00 |
| HDIOB_M          |    0 |     0 |          0 |        24 |  0.00 |
| HDIOB_S          |    0 |     0 |          0 |        24 |  0.00 |
| HPIOB_SNGL       |    0 |     0 |          0 |        24 |  0.00 |
| HPIOBDIFFINBUF   |    0 |     0 |          0 |       192 |  0.00 |
| HPIOBDIFFOUTBUF  |    0 |     0 |          0 |       192 |  0.00 |
| HDIOBDIFFINBUF   |    0 |     0 |          0 |        48 |  0.00 |
| BITSLICE_CONTROL |    0 |     0 |          0 |        64 |  0.00 |
| BITSLICE_RX_TX   |    0 |     0 |          0 |      2496 |  0.00 |
| BITSLICE_TX      |    0 |     0 |          0 |        64 |  0.00 |
| RIU_OR           |    0 |     0 |          0 |        32 |  0.00 |
+------------------+------+-------+------------+-----------+-------+


6. CLOCK
--------

+------------+------+-------+------------+-----------+-------+
|  Site Type | Used | Fixed | Prohibited | Available | Util% |
+------------+------+-------+------------+-----------+-------+
| BUFGCE     |    0 |     0 |          0 |       208 |  0.00 |
| BUFGCE_DIV |    0 |     0 |          0 |        32 |  0.00 |
| BUFG_GT    |    0 |     0 |          0 |       144 |  0.00 |
| BUFG_PS    |    2 |     0 |          0 |        96 |  2.08 |
| BUFGCTRL*  |    0 |     0 |          0 |        64 |  0.00 |
| PLL        |    0 |     0 |          0 |        16 |  0.00 |
| MMCM       |    0 |     0 |          0 |         8 |  0.00 |
+------------+------+-------+------------+-----------+-------+
* Note: Each used BUFGCTRL counts as two GLOBAL CLOCK BUFFERs. This table does not include global clocking resources, only buffer cell usage. See the Clock Utilization Report (report_clock_utilization) for detailed accounting of global clocking resource availability.


7. ADVANCED
-----------

+-----------------+------+-------+------------+-----------+--------+
|    Site Type    | Used | Fixed | Prohibited | Available |  Util% |
+-----------------+------+-------+------------+-----------+--------+
| GTHE4_CHANNEL   |    0 |     0 |          0 |        20 |   0.00 |
| GTHE4_COMMON    |    0 |     0 |          0 |         5 |   0.00 |
| OBUFDS_GTE4     |    0 |     0 |          0 |        10 |   0.00 |
| OBUFDS_GTE4_ADV |    0 |     0 |          0 |        10 |   0.00 |
| PCIE40E4        |    0 |     0 |          0 |         2 |   0.00 |
| PS8             |    1 |     0 |          0 |         1 | 100.00 |
| SYSMONE4        |    0 |     0 |          0 |         1 |   0.00 |
| VCU             |    0 |     0 |          0 |         1 |   0.00 |
+-----------------+------+-------+------------+-----------+--------+


8. CONFIGURATION
----------------

+-------------+------+-------+------------+-----------+-------+
|  Site Type  | Used | Fixed | Prohibited | Available | Util% |
+-------------+------+-------+------------+-----------+-------+
| BSCANE2     |    0 |     0 |          0 |         4 |  0.00 |
| DNA_PORTE2  |    0 |     0 |          0 |         1 |  0.00 |
| EFUSE_USR   |    0 |     0 |          0 |         1 |  0.00 |
| FRAME_ECCE4 |    0 |     0 |          0 |         1 |  0.00 |
| ICAPE3      |    0 |     0 |          0 |         2 |  0.00 |
| MASTER_JTAG |    0 |     0 |          0 |         1 |  0.00 |
| STARTUPE3   |    0 |     0 |          0 |         1 |  0.00 |
+-------------+------+-------+------------+-----------+-------+


9. Primitives
-------------

+----------+------+---------------------+
| Ref Name | Used | Functional Category |
+----------+------+---------------------+
| RAMS64E1 | 8320 |                 CLB |
| RAMD64E  | 8192 |                 CLB |
| MUXF7    | 7341 |                 CLB |
| FDRE     | 4919 |            Register |
| MUXF8    | 3573 |                 CLB |
| LUT6     | 2278 |                 CLB |
| LUT3     | 1527 |                 CLB |
| LUT4     | 1113 |                 CLB |
| MUXF9    | 1040 |                 CLB |
| LUT5     |  732 |                 CLB |
| LUT2     |  616 |                 CLB |
| FDSE     |  151 |            Register |
| CARRY8   |  117 |                 CLB |
| SRL16E   |   85 |                 CLB |
| SRLC32E  |   75 |                 CLB |
| LUT1     |   35 |                 CLB |
| RAMD32   |   14 |                 CLB |
| RAMS32   |    2 |                 CLB |
| BUFG_PS  |    2 |               Clock |
| RAMB36E2 |    1 |            BLOCKRAM |
| PS8      |    1 |            Advanced |
+----------+------+---------------------+


10. Black Boxes
---------------

+----------+------+
| Ref Name | Used |
+----------+------+


11. Instantiated Netlists
-------------------------

+----------------------------------+------+
|             Ref Name             | Used |
+----------------------------------+------+
| tick2trade_bd_zynq_ps_0          |    1 |
| tick2trade_bd_xbar_0             |    1 |
| tick2trade_bd_tick2trade_0       |    1 |
| tick2trade_bd_rst_zynq_ps_100M_0 |    1 |
| tick2trade_bd_rst_core_250M_0    |    1 |
| tick2trade_bd_axi_dma_0          |    1 |
| tick2trade_bd_auto_us_0          |    1 |
| tick2trade_bd_auto_pc_0          |    1 |
| tick2trade_bd_auto_cc_0          |    1 |
+----------------------------------+------+


